<?xml version="1.0"?>
<link_info>
   <banner>TI ARM Linker PC v5.1.1</banner>
   <copyright>Copyright (c) 1996-2013 Texas Instruments Incorporated</copyright>
   <link_time>0x5c095200</link_time>
   <link_errors>0x0</link_errors>
   <output_file>ADC_Test.out</output_file>
   <entry_point>
      <name>_c_int00</name>
      <address>0x45e9</address>
   </entry_point>
   <input_file_list>
      <input_file id="fl-2">
         <path>.\</path>
         <kind>object</kind>
         <file>main.obj</file>
         <name>main.obj</name>
      </input_file>
      <input_file id="fl-3">
         <path>.\</path>
         <kind>object</kind>
         <file>lm4f120h5qr_startup_ccs.obj</file>
         <name>lm4f120h5qr_startup_ccs.obj</name>
      </input_file>
      <input_file id="fl-131">
         <path>C:\ti\ccsv5\tools\compiler\arm_5.1.1\lib\</path>
         <kind>archive</kind>
         <file>rtsv7M4_T_le_v4SPD16_eabi.lib</file>
         <name>boot.obj</name>
      </input_file>
      <input_file id="fl-132">
         <path>C:\ti\ccsv5\tools\compiler\arm_5.1.1\lib\</path>
         <kind>archive</kind>
         <file>rtsv7M4_T_le_v4SPD16_eabi.lib</file>
         <name>copy_decompress_none.obj</name>
      </input_file>
      <input_file id="fl-133">
         <path>C:\ti\ccsv5\tools\compiler\arm_5.1.1\lib\</path>
         <kind>archive</kind>
         <file>rtsv7M4_T_le_v4SPD16_eabi.lib</file>
         <name>copy_decompress_rle.obj</name>
      </input_file>
      <input_file id="fl-134">
         <path>C:\ti\ccsv5\tools\compiler\arm_5.1.1\lib\</path>
         <kind>archive</kind>
         <file>rtsv7M4_T_le_v4SPD16_eabi.lib</file>
         <name>copy_zero_init.obj</name>
      </input_file>
      <input_file id="fl-135">
         <path>C:\ti\ccsv5\tools\compiler\arm_5.1.1\lib\</path>
         <kind>archive</kind>
         <file>rtsv7M4_T_le_v4SPD16_eabi.lib</file>
         <name>exit.obj</name>
      </input_file>
      <input_file id="fl-136">
         <path>C:\ti\ccsv5\tools\compiler\arm_5.1.1\lib\</path>
         <kind>archive</kind>
         <file>rtsv7M4_T_le_v4SPD16_eabi.lib</file>
         <name>fscanf.obj</name>
      </input_file>
      <input_file id="fl-137">
         <path>C:\ti\ccsv5\tools\compiler\arm_5.1.1\lib\</path>
         <kind>archive</kind>
         <file>rtsv7M4_T_le_v4SPD16_eabi.lib</file>
         <name>memcpy_t2.obj</name>
      </input_file>
      <input_file id="fl-138">
         <path>C:\ti\ccsv5\tools\compiler\arm_5.1.1\lib\</path>
         <kind>archive</kind>
         <file>rtsv7M4_T_le_v4SPD16_eabi.lib</file>
         <name>printf.obj</name>
      </input_file>
      <input_file id="fl-139">
         <path>C:\ti\ccsv5\tools\compiler\arm_5.1.1\lib\</path>
         <kind>archive</kind>
         <file>rtsv7M4_T_le_v4SPD16_eabi.lib</file>
         <name>stkdepth_vars.obj</name>
      </input_file>
      <input_file id="fl-13a">
         <path>C:\ti\ccsv5\tools\compiler\arm_5.1.1\lib\</path>
         <kind>archive</kind>
         <file>rtsv7M4_T_le_v4SPD16_eabi.lib</file>
         <name>ungetc.obj</name>
      </input_file>
      <input_file id="fl-13b">
         <path>C:\ti\ccsv5\tools\compiler\arm_5.1.1\lib\</path>
         <kind>archive</kind>
         <file>rtsv7M4_T_le_v4SPD16_eabi.lib</file>
         <name>_lock.obj</name>
      </input_file>
      <input_file id="fl-13c">
         <path>C:\ti\ccsv5\tools\compiler\arm_5.1.1\lib\</path>
         <kind>archive</kind>
         <file>rtsv7M4_T_le_v4SPD16_eabi.lib</file>
         <name>_printfi.obj</name>
      </input_file>
      <input_file id="fl-13d">
         <path>C:\ti\ccsv5\tools\compiler\arm_5.1.1\lib\</path>
         <kind>archive</kind>
         <file>rtsv7M4_T_le_v4SPD16_eabi.lib</file>
         <name>_scanfi.obj</name>
      </input_file>
      <input_file id="fl-13e">
         <path>C:\ti\ccsv5\tools\compiler\arm_5.1.1\lib\</path>
         <kind>archive</kind>
         <file>rtsv7M4_T_le_v4SPD16_eabi.lib</file>
         <name>args_main.obj</name>
      </input_file>
      <input_file id="fl-13f">
         <path>C:\ti\ccsv5\tools\compiler\arm_5.1.1\lib\</path>
         <kind>archive</kind>
         <file>rtsv7M4_T_le_v4SPD16_eabi.lib</file>
         <name>atoi.obj</name>
      </input_file>
      <input_file id="fl-140">
         <path>C:\ti\ccsv5\tools\compiler\arm_5.1.1\lib\</path>
         <kind>archive</kind>
         <file>rtsv7M4_T_le_v4SPD16_eabi.lib</file>
         <name>auto_init.obj</name>
      </input_file>
      <input_file id="fl-141">
         <path>C:\ti\ccsv5\tools\compiler\arm_5.1.1\lib\</path>
         <kind>archive</kind>
         <file>rtsv7M4_T_le_v4SPD16_eabi.lib</file>
         <name>cpy_tbl.obj</name>
      </input_file>
      <input_file id="fl-142">
         <path>C:\ti\ccsv5\tools\compiler\arm_5.1.1\lib\</path>
         <kind>archive</kind>
         <file>rtsv7M4_T_le_v4SPD16_eabi.lib</file>
         <name>ctype.obj</name>
      </input_file>
      <input_file id="fl-143">
         <path>C:\ti\ccsv5\tools\compiler\arm_5.1.1\lib\</path>
         <kind>archive</kind>
         <file>rtsv7M4_T_le_v4SPD16_eabi.lib</file>
         <name>defs.obj</name>
      </input_file>
      <input_file id="fl-144">
         <path>C:\ti\ccsv5\tools\compiler\arm_5.1.1\lib\</path>
         <kind>archive</kind>
         <file>rtsv7M4_T_le_v4SPD16_eabi.lib</file>
         <name>fd_add_t2.obj</name>
      </input_file>
      <input_file id="fl-145">
         <path>C:\ti\ccsv5\tools\compiler\arm_5.1.1\lib\</path>
         <kind>archive</kind>
         <file>rtsv7M4_T_le_v4SPD16_eabi.lib</file>
         <name>fd_cmp_t2.obj</name>
      </input_file>
      <input_file id="fl-146">
         <path>C:\ti\ccsv5\tools\compiler\arm_5.1.1\lib\</path>
         <kind>archive</kind>
         <file>rtsv7M4_T_le_v4SPD16_eabi.lib</file>
         <name>fd_div_t2.obj</name>
      </input_file>
      <input_file id="fl-147">
         <path>C:\ti\ccsv5\tools\compiler\arm_5.1.1\lib\</path>
         <kind>archive</kind>
         <file>rtsv7M4_T_le_v4SPD16_eabi.lib</file>
         <name>fd_mul_t2.obj</name>
      </input_file>
      <input_file id="fl-148">
         <path>C:\ti\ccsv5\tools\compiler\arm_5.1.1\lib\</path>
         <kind>archive</kind>
         <file>rtsv7M4_T_le_v4SPD16_eabi.lib</file>
         <name>fd_toi_t2.obj</name>
      </input_file>
      <input_file id="fl-149">
         <path>C:\ti\ccsv5\tools\compiler\arm_5.1.1\lib\</path>
         <kind>archive</kind>
         <file>rtsv7M4_T_le_v4SPD16_eabi.lib</file>
         <name>fd_tos_t2.obj</name>
      </input_file>
      <input_file id="fl-14a">
         <path>C:\ti\ccsv5\tools\compiler\arm_5.1.1\lib\</path>
         <kind>archive</kind>
         <file>rtsv7M4_T_le_v4SPD16_eabi.lib</file>
         <name>fgetc.obj</name>
      </input_file>
      <input_file id="fl-14b">
         <path>C:\ti\ccsv5\tools\compiler\arm_5.1.1\lib\</path>
         <kind>archive</kind>
         <file>rtsv7M4_T_le_v4SPD16_eabi.lib</file>
         <name>fputc.obj</name>
      </input_file>
      <input_file id="fl-14c">
         <path>C:\ti\ccsv5\tools\compiler\arm_5.1.1\lib\</path>
         <kind>archive</kind>
         <file>rtsv7M4_T_le_v4SPD16_eabi.lib</file>
         <name>fputs.obj</name>
      </input_file>
      <input_file id="fl-14d">
         <path>C:\ti\ccsv5\tools\compiler\arm_5.1.1\lib\</path>
         <kind>archive</kind>
         <file>rtsv7M4_T_le_v4SPD16_eabi.lib</file>
         <name>i_tofd_t2.obj</name>
      </input_file>
      <input_file id="fl-14e">
         <path>C:\ti\ccsv5\tools\compiler\arm_5.1.1\lib\</path>
         <kind>archive</kind>
         <file>rtsv7M4_T_le_v4SPD16_eabi.lib</file>
         <name>ll_mul_t2.obj</name>
      </input_file>
      <input_file id="fl-14f">
         <path>C:\ti\ccsv5\tools\compiler\arm_5.1.1\lib\</path>
         <kind>archive</kind>
         <file>rtsv7M4_T_le_v4SPD16_eabi.lib</file>
         <name>lowlev.obj</name>
      </input_file>
      <input_file id="fl-150">
         <path>C:\ti\ccsv5\tools\compiler\arm_5.1.1\lib\</path>
         <kind>archive</kind>
         <file>rtsv7M4_T_le_v4SPD16_eabi.lib</file>
         <name>ltoa.obj</name>
      </input_file>
      <input_file id="fl-151">
         <path>C:\ti\ccsv5\tools\compiler\arm_5.1.1\lib\</path>
         <kind>archive</kind>
         <file>rtsv7M4_T_le_v4SPD16_eabi.lib</file>
         <name>memccpy.obj</name>
      </input_file>
      <input_file id="fl-152">
         <path>C:\ti\ccsv5\tools\compiler\arm_5.1.1\lib\</path>
         <kind>archive</kind>
         <file>rtsv7M4_T_le_v4SPD16_eabi.lib</file>
         <name>memchr.obj</name>
      </input_file>
      <input_file id="fl-153">
         <path>C:\ti\ccsv5\tools\compiler\arm_5.1.1\lib\</path>
         <kind>archive</kind>
         <file>rtsv7M4_T_le_v4SPD16_eabi.lib</file>
         <name>memset_t2.obj</name>
      </input_file>
      <input_file id="fl-154">
         <path>C:\ti\ccsv5\tools\compiler\arm_5.1.1\lib\</path>
         <kind>archive</kind>
         <file>rtsv7M4_T_le_v4SPD16_eabi.lib</file>
         <name>setvbuf.obj</name>
      </input_file>
      <input_file id="fl-155">
         <path>C:\ti\ccsv5\tools\compiler\arm_5.1.1\lib\</path>
         <kind>archive</kind>
         <file>rtsv7M4_T_le_v4SPD16_eabi.lib</file>
         <name>strchr.obj</name>
      </input_file>
      <input_file id="fl-156">
         <path>C:\ti\ccsv5\tools\compiler\arm_5.1.1\lib\</path>
         <kind>archive</kind>
         <file>rtsv7M4_T_le_v4SPD16_eabi.lib</file>
         <name>strcmp.obj</name>
      </input_file>
      <input_file id="fl-157">
         <path>C:\ti\ccsv5\tools\compiler\arm_5.1.1\lib\</path>
         <kind>archive</kind>
         <file>rtsv7M4_T_le_v4SPD16_eabi.lib</file>
         <name>strcpy.obj</name>
      </input_file>
      <input_file id="fl-158">
         <path>C:\ti\ccsv5\tools\compiler\arm_5.1.1\lib\</path>
         <kind>archive</kind>
         <file>rtsv7M4_T_le_v4SPD16_eabi.lib</file>
         <name>strlen.obj</name>
      </input_file>
      <input_file id="fl-159">
         <path>C:\ti\ccsv5\tools\compiler\arm_5.1.1\lib\</path>
         <kind>archive</kind>
         <file>rtsv7M4_T_le_v4SPD16_eabi.lib</file>
         <name>strncpy.obj</name>
      </input_file>
      <input_file id="fl-15a">
         <path>C:\ti\ccsv5\tools\compiler\arm_5.1.1\lib\</path>
         <kind>archive</kind>
         <file>rtsv7M4_T_le_v4SPD16_eabi.lib</file>
         <name>strrchr.obj</name>
      </input_file>
      <input_file id="fl-15b">
         <path>C:\ti\ccsv5\tools\compiler\arm_5.1.1\lib\</path>
         <kind>archive</kind>
         <file>rtsv7M4_T_le_v4SPD16_eabi.lib</file>
         <name>strtod.obj</name>
      </input_file>
      <input_file id="fl-15c">
         <path>C:\ti\ccsv5\tools\compiler\arm_5.1.1\lib\</path>
         <kind>archive</kind>
         <file>rtsv7M4_T_le_v4SPD16_eabi.lib</file>
         <name>strtol.obj</name>
      </input_file>
      <input_file id="fl-15d">
         <path>C:\ti\ccsv5\tools\compiler\arm_5.1.1\lib\</path>
         <kind>archive</kind>
         <file>rtsv7M4_T_le_v4SPD16_eabi.lib</file>
         <name>strtold.obj</name>
      </input_file>
      <input_file id="fl-15e">
         <path>C:\ti\ccsv5\tools\compiler\arm_5.1.1\lib\</path>
         <kind>archive</kind>
         <file>rtsv7M4_T_le_v4SPD16_eabi.lib</file>
         <name>strtoll.obj</name>
      </input_file>
      <input_file id="fl-15f">
         <path>C:\ti\ccsv5\tools\compiler\arm_5.1.1\lib\</path>
         <kind>archive</kind>
         <file>rtsv7M4_T_le_v4SPD16_eabi.lib</file>
         <name>strtoul.obj</name>
      </input_file>
      <input_file id="fl-160">
         <path>C:\ti\ccsv5\tools\compiler\arm_5.1.1\lib\</path>
         <kind>archive</kind>
         <file>rtsv7M4_T_le_v4SPD16_eabi.lib</file>
         <name>strtoull.obj</name>
      </input_file>
      <input_file id="fl-161">
         <path>C:\ti\ccsv5\tools\compiler\arm_5.1.1\lib\</path>
         <kind>archive</kind>
         <file>rtsv7M4_T_le_v4SPD16_eabi.lib</file>
         <name>trgdrv.obj</name>
      </input_file>
      <input_file id="fl-162">
         <path>C:\ti\ccsv5\tools\compiler\arm_5.1.1\lib\</path>
         <kind>archive</kind>
         <file>rtsv7M4_T_le_v4SPD16_eabi.lib</file>
         <name>trgmsg.obj</name>
      </input_file>
      <input_file id="fl-163">
         <path>C:\ti\ccsv5\tools\compiler\arm_5.1.1\lib\</path>
         <kind>archive</kind>
         <file>rtsv7M4_T_le_v4SPD16_eabi.lib</file>
         <name>ull_div_t2.obj</name>
      </input_file>
      <input_file id="fl-164">
         <path>C:\ti\ccsv5\tools\compiler\arm_5.1.1\lib\</path>
         <kind>archive</kind>
         <file>rtsv7M4_T_le_v4SPD16_eabi.lib</file>
         <name>xdclass.obj</name>
      </input_file>
      <input_file id="fl-165">
         <path>C:\ti\ccsv5\tools\compiler\arm_5.1.1\lib\</path>
         <kind>archive</kind>
         <file>rtsv7M4_T_le_v4SPD16_eabi.lib</file>
         <name>xdtest.obj</name>
      </input_file>
      <input_file id="fl-166">
         <path>C:\ti\ccsv5\tools\compiler\arm_5.1.1\lib\</path>
         <kind>archive</kind>
         <file>rtsv7M4_T_le_v4SPD16_eabi.lib</file>
         <name>_bufread.obj</name>
      </input_file>
      <input_file id="fl-167">
         <path>C:\ti\ccsv5\tools\compiler\arm_5.1.1\lib\</path>
         <kind>archive</kind>
         <file>rtsv7M4_T_le_v4SPD16_eabi.lib</file>
         <name>_io_perm.obj</name>
      </input_file>
      <input_file id="fl-168">
         <path>C:\ti\ccsv5\tools\compiler\arm_5.1.1\lib\</path>
         <kind>archive</kind>
         <file>rtsv7M4_T_le_v4SPD16_eabi.lib</file>
         <name>errno.obj</name>
      </input_file>
      <input_file id="fl-169">
         <path>C:\ti\ccsv5\tools\compiler\arm_5.1.1\lib\</path>
         <kind>archive</kind>
         <file>rtsv7M4_T_le_v4SPD16_eabi.lib</file>
         <name>fflush.obj</name>
      </input_file>
      <input_file id="fl-16a">
         <path>C:\ti\ccsv5\tools\compiler\arm_5.1.1\lib\</path>
         <kind>archive</kind>
         <file>rtsv7M4_T_le_v4SPD16_eabi.lib</file>
         <name>fopen.obj</name>
      </input_file>
      <input_file id="fl-16b">
         <path>C:\ti\ccsv5\tools\compiler\arm_5.1.1\lib\</path>
         <kind>archive</kind>
         <file>rtsv7M4_T_le_v4SPD16_eabi.lib</file>
         <name>fseek.obj</name>
      </input_file>
      <input_file id="fl-16c">
         <path>C:\ti\ccsv5\tools\compiler\arm_5.1.1\lib\</path>
         <kind>archive</kind>
         <file>rtsv7M4_T_le_v4SPD16_eabi.lib</file>
         <name>memory.obj</name>
      </input_file>
      <input_file id="fl-16d">
         <path>C:\ti\ccsv5\tools\compiler\arm_5.1.1\lib\</path>
         <kind>archive</kind>
         <file>rtsv7M4_T_le_v4SPD16_eabi.lib</file>
         <name>fclose.obj</name>
      </input_file>
      <input_file id="fl-16e">
         <path>C:\ti\ccsv5\tools\compiler\arm_5.1.1\lib\</path>
         <kind>archive</kind>
         <file>rtsv7M4_T_le_v4SPD16_eabi.lib</file>
         <name>remove.obj</name>
      </input_file>
      <input_file id="fl-16f">
         <path>C:\StellarisWare\driverlib\ccs-cm4f\Debug\</path>
         <kind>archive</kind>
         <file>driverlib-cm4f.lib</file>
         <name>sysctl.obj</name>
      </input_file>
      <input_file id="fl-170">
         <path>C:\StellarisWare\driverlib\ccs-cm4f\Debug\</path>
         <kind>archive</kind>
         <file>driverlib-cm4f.lib</file>
         <name>interrupt.obj</name>
      </input_file>
      <input_file id="fl-171">
         <path>C:\StellarisWare\driverlib\ccs-cm4f\Debug\</path>
         <kind>archive</kind>
         <file>driverlib-cm4f.lib</file>
         <name>gpio.obj</name>
      </input_file>
      <input_file id="fl-172">
         <path>C:\StellarisWare\driverlib\ccs-cm4f\Debug\</path>
         <kind>archive</kind>
         <file>driverlib-cm4f.lib</file>
         <name>cpu.obj</name>
      </input_file>
   </input_file_list>
   <object_component_list>
      <object_component id="oc-e">
         <name>.intvecs</name>
         <load_address>0x0</load_address>
         <run_address>0x0</run_address>
         <size>0x26c</size>
         <input_file_ref idref="fl-3"/>
      </object_component>
      <object_component id="oc-f6">
         <name>.text</name>
         <load_address>0x26c</load_address>
         <run_address>0x26c</run_address>
         <size>0xe8c</size>
         <input_file_ref idref="fl-13c"/>
      </object_component>
      <object_component id="oc-10e">
         <name>.text</name>
         <load_address>0x10f8</load_address>
         <run_address>0x10f8</run_address>
         <size>0x950</size>
         <input_file_ref idref="fl-13d"/>
      </object_component>
      <object_component id="oc-22f">
         <name>.text</name>
         <load_address>0x1a48</load_address>
         <run_address>0x1a48</run_address>
         <size>0x3cc</size>
         <input_file_ref idref="fl-16c"/>
      </object_component>
      <object_component id="oc-132">
         <name>.text</name>
         <load_address>0x1e14</load_address>
         <run_address>0x1e14</run_address>
         <size>0x310</size>
         <input_file_ref idref="fl-14f"/>
      </object_component>
      <object_component id="oc-26f">
         <name>.text</name>
         <load_address>0x2124</load_address>
         <run_address>0x2124</run_address>
         <size>0x2d4</size>
         <input_file_ref idref="fl-161"/>
      </object_component>
      <object_component id="oc-1b4">
         <name>.text</name>
         <load_address>0x23f8</load_address>
         <run_address>0x23f8</run_address>
         <size>0x23c</size>
         <input_file_ref idref="fl-15b"/>
      </object_component>
      <object_component id="oc-1bd">
         <name>.text</name>
         <load_address>0x2634</load_address>
         <run_address>0x2634</run_address>
         <size>0x234</size>
         <input_file_ref idref="fl-15d"/>
      </object_component>
      <object_component id="oc-145">
         <name>.text</name>
         <load_address>0x2868</load_address>
         <run_address>0x2868</run_address>
         <size>0x1f4</size>
         <input_file_ref idref="fl-163"/>
      </object_component>
      <object_component id="oc-1c7">
         <name>.text</name>
         <load_address>0x2a5c</load_address>
         <run_address>0x2a5c</run_address>
         <size>0x1e4</size>
         <input_file_ref idref="fl-15e"/>
      </object_component>
      <object_component id="oc-b3">
         <name>.text</name>
         <load_address>0x2c40</load_address>
         <run_address>0x2c40</run_address>
         <size>0x1d0</size>
         <input_file_ref idref="fl-136"/>
      </object_component>
      <object_component id="oc-234">
         <name>.text</name>
         <load_address>0x2e10</load_address>
         <run_address>0x2e10</run_address>
         <size>0x1c0</size>
         <input_file_ref idref="fl-16a"/>
      </object_component>
      <object_component id="oc-16a">
         <name>.text</name>
         <load_address>0x2fd0</load_address>
         <run_address>0x2fd0</run_address>
         <size>0x1b6</size>
         <input_file_ref idref="fl-144"/>
      </object_component>
      <object_component id="oc-1af">
         <name>.text</name>
         <load_address>0x3188</load_address>
         <run_address>0x3188</run_address>
         <size>0x16c</size>
         <input_file_ref idref="fl-160"/>
      </object_component>
      <object_component id="oc-a2">
         <name>.text:SysCtlClockSet</name>
         <load_address>0x32f4</load_address>
         <run_address>0x32f4</run_address>
         <size>0x13c</size>
         <input_file_ref idref="fl-16f"/>
      </object_component>
      <object_component id="oc-155">
         <name>.text</name>
         <load_address>0x3430</load_address>
         <run_address>0x3430</run_address>
         <size>0x136</size>
         <input_file_ref idref="fl-146"/>
      </object_component>
      <object_component id="oc-f1">
         <name>.text</name>
         <load_address>0x3568</load_address>
         <run_address>0x3568</run_address>
         <size>0x134</size>
         <input_file_ref idref="fl-14c"/>
      </object_component>
      <object_component id="oc-1c2">
         <name>.text</name>
         <load_address>0x369c</load_address>
         <run_address>0x369c</run_address>
         <size>0x130</size>
         <input_file_ref idref="fl-15c"/>
      </object_component>
      <object_component id="oc-1aa">
         <name>.text</name>
         <load_address>0x37cc</load_address>
         <run_address>0x37cc</run_address>
         <size>0x110</size>
         <input_file_ref idref="fl-15f"/>
      </object_component>
      <object_component id="oc-151">
         <name>.text</name>
         <load_address>0x38dc</load_address>
         <run_address>0x38dc</run_address>
         <size>0xfc</size>
         <input_file_ref idref="fl-147"/>
      </object_component>
      <object_component id="oc-197">
         <name>.text</name>
         <load_address>0x39d8</load_address>
         <run_address>0x39d8</run_address>
         <size>0xdc</size>
         <input_file_ref idref="fl-154"/>
      </object_component>
      <object_component id="oc-e3">
         <name>.text:GPIOPadConfigSet</name>
         <load_address>0x3ab4</load_address>
         <run_address>0x3ab4</run_address>
         <size>0xc8</size>
         <input_file_ref idref="fl-171"/>
      </object_component>
      <object_component id="oc-12d">
         <name>.text</name>
         <load_address>0x3b7c</load_address>
         <run_address>0x3b7c</run_address>
         <size>0xc0</size>
         <input_file_ref idref="fl-169"/>
      </object_component>
      <object_component id="oc-128">
         <name>.text</name>
         <load_address>0x3c3c</load_address>
         <run_address>0x3c3c</run_address>
         <size>0xac</size>
         <input_file_ref idref="fl-167"/>
      </object_component>
      <object_component id="oc-6e">
         <name>.text</name>
         <load_address>0x3ce8</load_address>
         <run_address>0x3ce8</run_address>
         <size>0x9c</size>
         <input_file_ref idref="fl-2"/>
      </object_component>
      <object_component id="oc-19e">
         <name>.text</name>
         <load_address>0x3d84</load_address>
         <run_address>0x3d84</run_address>
         <size>0x9c</size>
         <input_file_ref idref="fl-166"/>
      </object_component>
      <object_component id="oc-ec">
         <name>.text</name>
         <load_address>0x3e20</load_address>
         <run_address>0x3e20</run_address>
         <size>0x9c</size>
         <input_file_ref idref="fl-14b"/>
      </object_component>
      <object_component id="oc-3f">
         <name>.text</name>
         <load_address>0x3ebc</load_address>
         <run_address>0x3ebc</run_address>
         <size>0x9c</size>
         <input_file_ref idref="fl-137"/>
      </object_component>
      <object_component id="oc-28c">
         <name>.text</name>
         <load_address>0x3f58</load_address>
         <run_address>0x3f58</run_address>
         <size>0x98</size>
         <input_file_ref idref="fl-16d"/>
      </object_component>
      <object_component id="oc-2e">
         <name>.text</name>
         <load_address>0x3ff0</load_address>
         <run_address>0x3ff0</run_address>
         <size>0x94</size>
         <input_file_ref idref="fl-140"/>
      </object_component>
      <object_component id="oc-109">
         <name>.text</name>
         <load_address>0x4084</load_address>
         <run_address>0x4084</run_address>
         <size>0x94</size>
         <input_file_ref idref="fl-14a"/>
      </object_component>
      <object_component id="oc-104">
         <name>.text</name>
         <load_address>0x4118</load_address>
         <run_address>0x4118</run_address>
         <size>0x80</size>
         <input_file_ref idref="fl-13a"/>
      </object_component>
      <object_component id="oc-14d">
         <name>.text:__aeabi_cdcmple</name>
         <load_address>0x4198</load_address>
         <run_address>0x4198</run_address>
         <size>0x7e</size>
         <input_file_ref idref="fl-145"/>
      </object_component>
      <object_component id="oc-159">
         <name>.text:__aeabi_cdrcmple</name>
         <load_address>0x4216</load_address>
         <run_address>0x4216</run_address>
         <size>0x7e</size>
         <input_file_ref idref="fl-145"/>
      </object_component>
      <object_component id="oc-16e">
         <name>.text</name>
         <load_address>0x4294</load_address>
         <run_address>0x4294</run_address>
         <size>0x78</size>
         <input_file_ref idref="fl-153"/>
      </object_component>
      <object_component id="oc-ae">
         <name>.text</name>
         <load_address>0x430c</load_address>
         <run_address>0x430c</run_address>
         <size>0x70</size>
         <input_file_ref idref="fl-138"/>
      </object_component>
      <object_component id="oc-1e5">
         <name>.text</name>
         <load_address>0x437c</load_address>
         <run_address>0x437c</run_address>
         <size>0x64</size>
         <input_file_ref idref="fl-16b"/>
      </object_component>
      <object_component id="oc-2b6">
         <name>.text</name>
         <load_address>0x43e0</load_address>
         <run_address>0x43e0</run_address>
         <size>0x60</size>
         <input_file_ref idref="fl-162"/>
      </object_component>
      <object_component id="oc-51">
         <name>.text</name>
         <load_address>0x4440</load_address>
         <run_address>0x4440</run_address>
         <size>0x5e</size>
         <input_file_ref idref="fl-133"/>
      </object_component>
      <object_component id="oc-161">
         <name>.text</name>
         <load_address>0x449e</load_address>
         <run_address>0x449e</run_address>
         <size>0x5a</size>
         <input_file_ref idref="fl-150"/>
      </object_component>
      <object_component id="oc-a6">
         <name>.text:SysCtlPeripheralEnable</name>
         <load_address>0x44f8</load_address>
         <run_address>0x44f8</run_address>
         <size>0x58</size>
         <input_file_ref idref="fl-16f"/>
      </object_component>
      <object_component id="oc-17c">
         <name>.text</name>
         <load_address>0x4550</load_address>
         <run_address>0x4550</run_address>
         <size>0x4c</size>
         <input_file_ref idref="fl-13f"/>
      </object_component>
      <object_component id="oc-1b9">
         <name>.text</name>
         <load_address>0x459c</load_address>
         <run_address>0x459c</run_address>
         <size>0x4a</size>
         <input_file_ref idref="fl-149"/>
      </object_component>
      <object_component id="oc-10">
         <name>.text</name>
         <load_address>0x45e8</load_address>
         <run_address>0x45e8</run_address>
         <size>0x48</size>
         <input_file_ref idref="fl-131"/>
      </object_component>
      <object_component id="oc-15d">
         <name>.text</name>
         <load_address>0x4630</load_address>
         <run_address>0x4630</run_address>
         <size>0x48</size>
         <input_file_ref idref="fl-148"/>
      </object_component>
      <object_component id="oc-68">
         <name>.text</name>
         <load_address>0x4678</load_address>
         <run_address>0x4678</run_address>
         <size>0x44</size>
         <input_file_ref idref="fl-141"/>
      </object_component>
      <object_component id="oc-37">
         <name>.text</name>
         <load_address>0x46bc</load_address>
         <run_address>0x46bc</run_address>
         <size>0x44</size>
         <input_file_ref idref="fl-135"/>
      </object_component>
      <object_component id="oc-217">
         <name>.text</name>
         <load_address>0x4700</load_address>
         <run_address>0x4700</run_address>
         <size>0x44</size>
         <input_file_ref idref="fl-165"/>
      </object_component>
      <object_component id="oc-1f5">
         <name>.text</name>
         <load_address>0x4744</load_address>
         <run_address>0x4744</run_address>
         <size>0x30</size>
         <input_file_ref idref="fl-159"/>
      </object_component>
      <object_component id="oc-e7">
         <name>.text:GPIODirModeSet</name>
         <load_address>0x4774</load_address>
         <run_address>0x4774</run_address>
         <size>0x2e</size>
         <input_file_ref idref="fl-171"/>
      </object_component>
      <object_component id="oc-166">
         <name>.text</name>
         <load_address>0x47a2</load_address>
         <run_address>0x47a2</run_address>
         <size>0x2e</size>
         <input_file_ref idref="fl-14d"/>
      </object_component>
      <object_component id="oc-177">
         <name>.text</name>
         <load_address>0x47d0</load_address>
         <run_address>0x47d0</run_address>
         <size>0x1c</size>
         <input_file_ref idref="fl-151"/>
      </object_component>
      <object_component id="oc-32">
         <name>.text</name>
         <load_address>0x47ec</load_address>
         <run_address>0x47ec</run_address>
         <size>0x18</size>
         <input_file_ref idref="fl-13e"/>
      </object_component>
      <object_component id="oc-149">
         <name>.text</name>
         <load_address>0x4804</load_address>
         <run_address>0x4804</run_address>
         <size>0x18</size>
         <input_file_ref idref="fl-14e"/>
      </object_component>
      <object_component id="oc-1f0">
         <name>.text</name>
         <load_address>0x481c</load_address>
         <run_address>0x481c</run_address>
         <size>0x18</size>
         <input_file_ref idref="fl-156"/>
      </object_component>
      <object_component id="oc-1cd">
         <name>.text</name>
         <load_address>0x4834</load_address>
         <run_address>0x4834</run_address>
         <size>0x18</size>
         <input_file_ref idref="fl-15a"/>
      </object_component>
      <object_component id="oc-13e">
         <name>.text</name>
         <load_address>0x484c</load_address>
         <run_address>0x484c</run_address>
         <size>0x16</size>
         <input_file_ref idref="fl-152"/>
      </object_component>
      <object_component id="oc-1a5">
         <name>.text</name>
         <load_address>0x4862</load_address>
         <run_address>0x4862</run_address>
         <size>0x16</size>
         <input_file_ref idref="fl-155"/>
      </object_component>
      <object_component id="oc-c6">
         <name>.text</name>
         <load_address>0x4878</load_address>
         <run_address>0x4878</run_address>
         <size>0x14</size>
         <input_file_ref idref="fl-13b"/>
      </object_component>
      <object_component id="oc-139">
         <name>.text</name>
         <load_address>0x488c</load_address>
         <run_address>0x488c</run_address>
         <size>0x14</size>
         <input_file_ref idref="fl-158"/>
      </object_component>
      <object_component id="oc-aa">
         <name>.text:GPIOPinTypeGPIOOutput</name>
         <load_address>0x48a0</load_address>
         <run_address>0x48a0</run_address>
         <size>0x12</size>
         <input_file_ref idref="fl-171"/>
      </object_component>
      <object_component id="oc-19">
         <name>.text:decompress:ZI</name>
         <load_address>0x48b2</load_address>
         <run_address>0x48b2</run_address>
         <size>0x12</size>
         <input_file_ref idref="fl-134"/>
      </object_component>
      <object_component id="oc-172">
         <name>.text</name>
         <load_address>0x48c4</load_address>
         <run_address>0x48c4</run_address>
         <size>0x12</size>
         <input_file_ref idref="fl-164"/>
      </object_component>
      <object_component id="oc-1d2">
         <name>.text</name>
         <load_address>0x48d6</load_address>
         <run_address>0x48d6</run_address>
         <size>0x10</size>
         <input_file_ref idref="fl-157"/>
      </object_component>
      <object_component id="oc-14">
         <name>.text:decompress:none</name>
         <load_address>0x48e6</load_address>
         <run_address>0x48e6</run_address>
         <size>0xe</size>
         <input_file_ref idref="fl-132"/>
      </object_component>
      <object_component id="oc-26">
         <name>.text</name>
         <load_address>0x48f4</load_address>
         <run_address>0x48f4</run_address>
         <size>0xc</size>
         <input_file_ref idref="fl-3"/>
      </object_component>
      <object_component id="oc-b8">
         <name>.text:GPIOPinWrite</name>
         <load_address>0x4900</load_address>
         <run_address>0x4900</run_address>
         <size>0xa</size>
         <input_file_ref idref="fl-171"/>
      </object_component>
      <object_component id="oc-d9">
         <name>.text:SysCtlDelay</name>
         <load_address>0x490a</load_address>
         <run_address>0x490a</run_address>
         <size>0x6</size>
         <input_file_ref idref="fl-16f"/>
      </object_component>
      <object_component id="oc-1e">
         <name>.text:decompress:rle24</name>
         <load_address>0x4910</load_address>
         <run_address>0x4910</run_address>
         <size>0x6</size>
         <input_file_ref idref="fl-133"/>
      </object_component>
      <object_component id="oc-113">
         <name>.const:.string:_ctypes_</name>
         <load_address>0x4918</load_address>
         <run_address>0x4918</run_address>
         <size>0x102</size>
         <input_file_ref idref="fl-142"/>
      </object_component>
      <object_component id="oc-24e">
         <name>.const</name>
         <load_address>0x4a20</load_address>
         <run_address>0x4a20</run_address>
         <size>0x98</size>
         <input_file_ref idref="fl-15b"/>
      </object_component>
      <object_component id="oc-253">
         <name>.const</name>
         <load_address>0x4ab8</load_address>
         <run_address>0x4ab8</run_address>
         <size>0x98</size>
         <input_file_ref idref="fl-15d"/>
      </object_component>
      <object_component id="oc-e0">
         <name>.const</name>
         <load_address>0x4b50</load_address>
         <run_address>0x4b50</run_address>
         <size>0x40</size>
         <input_file_ref idref="fl-16f"/>
      </object_component>
      <object_component id="oc-1cc">
         <name>.const</name>
         <load_address>0x4b90</load_address>
         <run_address>0x4b90</run_address>
         <size>0x10</size>
         <input_file_ref idref="fl-13d"/>
      </object_component>
      <object_component id="oc-2f7">
         <name>.cinit..data.load</name>
         <load_address>0x4ba0</load_address>
         <run_address>0x4ba0</run_address>
         <size>0x77</size>
      </object_component>
      <object_component id="oc-2f5">
         <name>__TI_handler_table</name>
         <load_address>0x4c18</load_address>
         <run_address>0x4c18</run_address>
         <size>0xc</size>
      </object_component>
      <object_component id="oc-2f8">
         <name>.cinit..bss.load</name>
         <load_address>0x4c28</load_address>
         <run_address>0x4c28</run_address>
         <size>0x8</size>
      </object_component>
      <object_component id="oc-2f6">
         <name>__TI_cinit_table</name>
         <load_address>0x4c30</load_address>
         <run_address>0x4c30</run_address>
         <size>0x10</size>
      </object_component>
      <object_component id="oc-3c">
         <name>.data</name>
         <load_address>0x200011f4</load_address>
         <run_address>0x200011f4</run_address>
         <size>0x4</size>
         <input_file_ref idref="fl-139"/>
      </object_component>
      <object_component id="oc-7a">
         <name>.data</name>
         <load_address>0x200011dc</load_address>
         <run_address>0x200011dc</run_address>
         <size>0x8</size>
         <input_file_ref idref="fl-13b"/>
      </object_component>
      <object_component id="oc-7c">
         <name>.data</name>
         <load_address>0x200011e4</load_address>
         <run_address>0x200011e4</run_address>
         <size>0x8</size>
         <input_file_ref idref="fl-135"/>
      </object_component>
      <object_component id="oc-fb">
         <name>.data:_ftable</name>
         <load_address>0x20001000</load_address>
         <run_address>0x20001000</run_address>
         <size>0xf0</size>
         <input_file_ref idref="fl-143"/>
      </object_component>
      <object_component id="oc-1ec">
         <name>.data</name>
         <load_address>0x200011c0</load_address>
         <run_address>0x200011c0</run_address>
         <size>0x10</size>
         <input_file_ref idref="fl-143"/>
      </object_component>
      <object_component id="oc-1fa">
         <name>.data</name>
         <load_address>0x200010f0</load_address>
         <run_address>0x200010f0</run_address>
         <size>0xd0</size>
         <input_file_ref idref="fl-14f"/>
      </object_component>
      <object_component id="oc-248">
         <name>.data</name>
         <load_address>0x200011ec</load_address>
         <run_address>0x200011ec</run_address>
         <size>0x4</size>
         <input_file_ref idref="fl-168"/>
      </object_component>
      <object_component id="oc-289">
         <name>.data</name>
         <load_address>0x200011d0</load_address>
         <run_address>0x200011d0</run_address>
         <size>0xc</size>
         <input_file_ref idref="fl-16c"/>
      </object_component>
      <object_component id="oc-291">
         <name>.data</name>
         <load_address>0x200011f0</load_address>
         <run_address>0x200011f0</run_address>
         <size>0x4</size>
         <input_file_ref idref="fl-16a"/>
      </object_component>
      <object_component id="oc-2c7">
         <name>.bss:__TI_tmpnams</name>
         <uninitialized>true</uninitialized>
         <run_address>0x20001318</run_address>
         <size>0xa0</size>
         <input_file_ref idref="fl-143"/>
      </object_component>
      <object_component id="oc-2cd">
         <name>.bss:__CIOBUF_</name>
         <uninitialized>true</uninitialized>
         <run_address>0x200011f8</run_address>
         <size>0x120</size>
         <input_file_ref idref="fl-162"/>
      </object_component>
      <object_component id="oc-bc">
         <name>.common:i</name>
         <uninitialized>true</uninitialized>
         <run_address>0x200013c0</run_address>
         <size>0x4</size>
      </object_component>
      <object_component id="oc-2bb">
         <name>.common:parmbuf</name>
         <uninitialized>true</uninitialized>
         <run_address>0x200013b8</run_address>
         <size>0x8</size>
      </object_component>
      <object_component id="oc-24">
         <name>.sysmem</name>
         <uninitialized>true</uninitialized>
         <run_address>0x20000800</run_address>
         <size>0x8</size>
         <input_file_ref idref="fl-16c"/>
      </object_component>
      <object_component id="oc-2fa">
         <name>.sysmem</name>
         <uninitialized>true</uninitialized>
         <run_address>0x20000800</run_address>
         <size>0x0</size>
      </object_component>
      <object_component id="oc-23">
         <name>.stack</name>
         <uninitialized>true</uninitialized>
         <run_address>0x20000000</run_address>
         <size>0x0</size>
         <input_file_ref idref="fl-131"/>
      </object_component>
      <object_component id="oc-2f9">
         <name>.stack</name>
         <uninitialized>true</uninitialized>
         <run_address>0x20000000</run_address>
         <size>0x0</size>
      </object_component>
      <object_component id="oc-f">
         <name>.debug_info</name>
         <load_address>0x0</load_address>
         <run_address>0x0</run_address>
         <size>0xee</size>
         <input_file_ref idref="fl-3"/>
      </object_component>
      <object_component id="oc-13">
         <name>.debug_info</name>
         <load_address>0xee</load_address>
         <run_address>0xee</run_address>
         <size>0xf3</size>
         <input_file_ref idref="fl-131"/>
      </object_component>
      <object_component id="oc-15">
         <name>.debug_info</name>
         <load_address>0x1e1</load_address>
         <run_address>0x1e1</run_address>
         <size>0x194</size>
         <input_file_ref idref="fl-132"/>
      </object_component>
      <object_component id="oc-1a">
         <name>.debug_info</name>
         <load_address>0x375</load_address>
         <run_address>0x375</run_address>
         <size>0x16a</size>
         <input_file_ref idref="fl-134"/>
      </object_component>
      <object_component id="oc-22">
         <name>.debug_info</name>
         <load_address>0x4df</load_address>
         <run_address>0x4df</run_address>
         <size>0x18e</size>
         <input_file_ref idref="fl-133"/>
      </object_component>
      <object_component id="oc-25">
         <name>.debug_info</name>
         <load_address>0x66d</load_address>
         <run_address>0x66d</run_address>
         <size>0xb6</size>
         <input_file_ref idref="fl-16c"/>
      </object_component>
      <object_component id="oc-28">
         <name>.debug_info</name>
         <load_address>0x723</load_address>
         <run_address>0x723</run_address>
         <size>0x260</size>
         <input_file_ref idref="fl-3"/>
      </object_component>
      <object_component id="oc-2d">
         <name>.debug_info</name>
         <load_address>0x983</load_address>
         <run_address>0x983</run_address>
         <size>0x103</size>
         <input_file_ref idref="fl-3"/>
      </object_component>
      <object_component id="oc-30">
         <name>.debug_info</name>
         <load_address>0xa86</load_address>
         <run_address>0xa86</run_address>
         <size>0x13d</size>
         <input_file_ref idref="fl-140"/>
      </object_component>
      <object_component id="oc-36">
         <name>.debug_info</name>
         <load_address>0xbc3</load_address>
         <run_address>0xbc3</run_address>
         <size>0x11c</size>
         <input_file_ref idref="fl-13e"/>
      </object_component>
      <object_component id="oc-39">
         <name>.debug_info</name>
         <load_address>0xcdf</load_address>
         <run_address>0xcdf</run_address>
         <size>0x1c2</size>
         <input_file_ref idref="fl-135"/>
      </object_component>
      <object_component id="oc-3d">
         <name>.debug_info</name>
         <load_address>0xea1</load_address>
         <run_address>0xea1</run_address>
         <size>0xbe</size>
         <input_file_ref idref="fl-139"/>
      </object_component>
      <object_component id="oc-42">
         <name>.debug_info</name>
         <load_address>0xf5f</load_address>
         <run_address>0xf5f</run_address>
         <size>0xcc</size>
         <input_file_ref idref="fl-137"/>
      </object_component>
      <object_component id="oc-44">
         <name>.debug_info</name>
         <load_address>0x102b</load_address>
         <run_address>0x102b</run_address>
         <size>0x46</size>
         <input_file_ref idref="fl-132"/>
      </object_component>
      <object_component id="oc-49">
         <name>.debug_info</name>
         <load_address>0x1071</load_address>
         <run_address>0x1071</run_address>
         <size>0xf2</size>
         <input_file_ref idref="fl-132"/>
      </object_component>
      <object_component id="oc-4b">
         <name>.debug_info</name>
         <load_address>0x1163</load_address>
         <run_address>0x1163</run_address>
         <size>0x46</size>
         <input_file_ref idref="fl-134"/>
      </object_component>
      <object_component id="oc-50">
         <name>.debug_info</name>
         <load_address>0x11a9</load_address>
         <run_address>0x11a9</run_address>
         <size>0xad</size>
         <input_file_ref idref="fl-134"/>
      </object_component>
      <object_component id="oc-55">
         <name>.debug_info</name>
         <load_address>0x1256</load_address>
         <run_address>0x1256</run_address>
         <size>0x1ef</size>
         <input_file_ref idref="fl-133"/>
      </object_component>
      <object_component id="oc-57">
         <name>.debug_info</name>
         <load_address>0x1445</load_address>
         <run_address>0x1445</run_address>
         <size>0xb7</size>
         <input_file_ref idref="fl-133"/>
      </object_component>
      <object_component id="oc-58">
         <name>.debug_info</name>
         <load_address>0x14fc</load_address>
         <run_address>0x14fc</run_address>
         <size>0x39</size>
         <input_file_ref idref="fl-133"/>
      </object_component>
      <object_component id="oc-5f">
         <name>.debug_info</name>
         <load_address>0x1535</load_address>
         <run_address>0x1535</run_address>
         <size>0x1d7</size>
         <input_file_ref idref="fl-16c"/>
      </object_component>
      <object_component id="oc-63">
         <name>.debug_info</name>
         <load_address>0x170c</load_address>
         <run_address>0x170c</run_address>
         <size>0x18b</size>
         <input_file_ref idref="fl-2"/>
      </object_component>
      <object_component id="oc-6a">
         <name>.debug_info</name>
         <load_address>0x1897</load_address>
         <run_address>0x1897</run_address>
         <size>0x14b</size>
         <input_file_ref idref="fl-141"/>
      </object_component>
      <object_component id="oc-6f">
         <name>.debug_info</name>
         <load_address>0x19e2</load_address>
         <run_address>0x19e2</run_address>
         <size>0x204</size>
         <input_file_ref idref="fl-2"/>
      </object_component>
      <object_component id="oc-74">
         <name>.debug_info</name>
         <load_address>0x1be6</load_address>
         <run_address>0x1be6</run_address>
         <size>0x84</size>
         <input_file_ref idref="fl-2"/>
      </object_component>
      <object_component id="oc-79">
         <name>.debug_info</name>
         <load_address>0x1c6a</load_address>
         <run_address>0x1c6a</run_address>
         <size>0x11b</size>
         <input_file_ref idref="fl-13e"/>
      </object_component>
      <object_component id="oc-7b">
         <name>.debug_info</name>
         <load_address>0x1d85</load_address>
         <run_address>0x1d85</run_address>
         <size>0xc8</size>
         <input_file_ref idref="fl-13b"/>
      </object_component>
      <object_component id="oc-7d">
         <name>.debug_info</name>
         <load_address>0x1e4d</load_address>
         <run_address>0x1e4d</run_address>
         <size>0xeb</size>
         <input_file_ref idref="fl-135"/>
      </object_component>
      <object_component id="oc-7f">
         <name>.debug_info</name>
         <load_address>0x1f38</load_address>
         <run_address>0x1f38</run_address>
         <size>0x146</size>
         <input_file_ref idref="fl-135"/>
      </object_component>
      <object_component id="oc-83">
         <name>.debug_info</name>
         <load_address>0x207e</load_address>
         <run_address>0x207e</run_address>
         <size>0x2c</size>
         <input_file_ref idref="fl-132"/>
      </object_component>
      <object_component id="oc-8a">
         <name>.debug_info</name>
         <load_address>0x20aa</load_address>
         <run_address>0x20aa</run_address>
         <size>0x2c</size>
         <input_file_ref idref="fl-134"/>
      </object_component>
      <object_component id="oc-96">
         <name>.debug_info</name>
         <load_address>0x20d6</load_address>
         <run_address>0x20d6</run_address>
         <size>0x2c</size>
         <input_file_ref idref="fl-16a"/>
      </object_component>
      <object_component id="oc-9b">
         <name>.debug_info</name>
         <load_address>0x2102</load_address>
         <run_address>0x2102</run_address>
         <size>0x62</size>
         <input_file_ref idref="fl-16c"/>
      </object_component>
      <object_component id="oc-a1">
         <name>.debug_info</name>
         <load_address>0x2164</load_address>
         <run_address>0x2164</run_address>
         <size>0x148</size>
         <input_file_ref idref="fl-141"/>
      </object_component>
      <object_component id="oc-a4">
         <name>.debug_info</name>
         <load_address>0x22ac</load_address>
         <run_address>0x22ac</run_address>
         <size>0x2cf</size>
         <input_file_ref idref="fl-16f"/>
      </object_component>
      <object_component id="oc-a7">
         <name>.debug_info</name>
         <load_address>0x257b</load_address>
         <run_address>0x257b</run_address>
         <size>0x1da</size>
         <input_file_ref idref="fl-16f"/>
      </object_component>
      <object_component id="oc-ab">
         <name>.debug_info</name>
         <load_address>0x2755</load_address>
         <run_address>0x2755</run_address>
         <size>0x1e6</size>
         <input_file_ref idref="fl-171"/>
      </object_component>
      <object_component id="oc-b1">
         <name>.debug_info</name>
         <load_address>0x293b</load_address>
         <run_address>0x293b</run_address>
         <size>0x26d</size>
         <input_file_ref idref="fl-138"/>
      </object_component>
      <object_component id="oc-b4">
         <name>.debug_info</name>
         <load_address>0x2ba8</load_address>
         <run_address>0x2ba8</run_address>
         <size>0x615</size>
         <input_file_ref idref="fl-136"/>
      </object_component>
      <object_component id="oc-b9">
         <name>.debug_info</name>
         <load_address>0x31bd</load_address>
         <run_address>0x31bd</run_address>
         <size>0x1f8</size>
         <input_file_ref idref="fl-171"/>
      </object_component>
      <object_component id="oc-bd">
         <name>.debug_info</name>
         <load_address>0x33b5</load_address>
         <run_address>0x33b5</run_address>
         <size>0x21c</size>
         <input_file_ref idref="fl-2"/>
      </object_component>
      <object_component id="oc-c1">
         <name>.debug_info</name>
         <load_address>0x35d1</load_address>
         <run_address>0x35d1</run_address>
         <size>0x5e</size>
         <input_file_ref idref="fl-13e"/>
      </object_component>
      <object_component id="oc-c8">
         <name>.debug_info</name>
         <load_address>0x362f</load_address>
         <run_address>0x362f</run_address>
         <size>0x1d4</size>
         <input_file_ref idref="fl-13b"/>
      </object_component>
      <object_component id="oc-cd">
         <name>.debug_info</name>
         <load_address>0x3803</load_address>
         <run_address>0x3803</run_address>
         <size>0xd9</size>
         <input_file_ref idref="fl-13b"/>
      </object_component>
      <object_component id="oc-d4">
         <name>.debug_info</name>
         <load_address>0x38dc</load_address>
         <run_address>0x38dc</run_address>
         <size>0xcd</size>
         <input_file_ref idref="fl-141"/>
      </object_component>
      <object_component id="oc-db">
         <name>.debug_info</name>
         <load_address>0x39a9</load_address>
         <run_address>0x39a9</run_address>
         <size>0x84</size>
         <input_file_ref idref="fl-16f"/>
      </object_component>
      <object_component id="oc-df">
         <name>.debug_info</name>
         <load_address>0x3a2d</load_address>
         <run_address>0x3a2d</run_address>
         <size>0x391</size>
         <input_file_ref idref="fl-16f"/>
      </object_component>
      <object_component id="oc-e1">
         <name>.debug_info</name>
         <load_address>0x3dbe</load_address>
         <run_address>0x3dbe</run_address>
         <size>0x1b2</size>
         <input_file_ref idref="fl-16f"/>
      </object_component>
      <object_component id="oc-e4">
         <name>.debug_info</name>
         <load_address>0x3f70</load_address>
         <run_address>0x3f70</run_address>
         <size>0x24a</size>
         <input_file_ref idref="fl-171"/>
      </object_component>
      <object_component id="oc-e8">
         <name>.debug_info</name>
         <load_address>0x41ba</load_address>
         <run_address>0x41ba</run_address>
         <size>0x204</size>
         <input_file_ref idref="fl-171"/>
      </object_component>
      <object_component id="oc-ef">
         <name>.debug_info</name>
         <load_address>0x43be</load_address>
         <run_address>0x43be</run_address>
         <size>0x286</size>
         <input_file_ref idref="fl-14b"/>
      </object_component>
      <object_component id="oc-f2">
         <name>.debug_info</name>
         <load_address>0x4644</load_address>
         <run_address>0x4644</run_address>
         <size>0x31f</size>
         <input_file_ref idref="fl-14c"/>
      </object_component>
      <object_component id="oc-f7">
         <name>.debug_info</name>
         <load_address>0x4963</load_address>
         <run_address>0x4963</run_address>
         <size>0x12a0</size>
         <input_file_ref idref="fl-13c"/>
      </object_component>
      <object_component id="oc-fc">
         <name>.debug_info</name>
         <load_address>0x5c03</load_address>
         <run_address>0x5c03</run_address>
         <size>0xac</size>
         <input_file_ref idref="fl-143"/>
      </object_component>
      <object_component id="oc-fe">
         <name>.debug_info</name>
         <load_address>0x5caf</load_address>
         <run_address>0x5caf</run_address>
         <size>0x1eb</size>
         <input_file_ref idref="fl-138"/>
      </object_component>
      <object_component id="oc-ff">
         <name>.debug_info</name>
         <load_address>0x5e9a</load_address>
         <run_address>0x5e9a</run_address>
         <size>0x4e</size>
         <input_file_ref idref="fl-2"/>
      </object_component>
      <object_component id="oc-107">
         <name>.debug_info</name>
         <load_address>0x5ee8</load_address>
         <run_address>0x5ee8</run_address>
         <size>0x161</size>
         <input_file_ref idref="fl-13a"/>
      </object_component>
      <object_component id="oc-10c">
         <name>.debug_info</name>
         <load_address>0x6049</load_address>
         <run_address>0x6049</run_address>
         <size>0x239</size>
         <input_file_ref idref="fl-14a"/>
      </object_component>
      <object_component id="oc-10f">
         <name>.debug_info</name>
         <load_address>0x6282</load_address>
         <run_address>0x6282</run_address>
         <size>0xbd5</size>
         <input_file_ref idref="fl-13d"/>
      </object_component>
      <object_component id="oc-114">
         <name>.debug_info</name>
         <load_address>0x6e57</load_address>
         <run_address>0x6e57</run_address>
         <size>0xaf</size>
         <input_file_ref idref="fl-142"/>
      </object_component>
      <object_component id="oc-116">
         <name>.debug_info</name>
         <load_address>0x6f06</load_address>
         <run_address>0x6f06</run_address>
         <size>0x24a</size>
         <input_file_ref idref="fl-136"/>
      </object_component>
      <object_component id="oc-118">
         <name>.debug_info</name>
         <load_address>0x7150</load_address>
         <run_address>0x7150</run_address>
         <size>0x336</size>
         <input_file_ref idref="fl-171"/>
      </object_component>
      <object_component id="oc-120">
         <name>.debug_info</name>
         <load_address>0x7486</load_address>
         <run_address>0x7486</run_address>
         <size>0x2c</size>
         <input_file_ref idref="fl-16f"/>
      </object_component>
      <object_component id="oc-129">
         <name>.debug_info</name>
         <load_address>0x74b2</load_address>
         <run_address>0x74b2</run_address>
         <size>0x1e5</size>
         <input_file_ref idref="fl-167"/>
      </object_component>
      <object_component id="oc-12f">
         <name>.debug_info</name>
         <load_address>0x7697</load_address>
         <run_address>0x7697</run_address>
         <size>0x20f</size>
         <input_file_ref idref="fl-169"/>
      </object_component>
      <object_component id="oc-133">
         <name>.debug_info</name>
         <load_address>0x78a6</load_address>
         <run_address>0x78a6</run_address>
         <size>0xb71</size>
         <input_file_ref idref="fl-14f"/>
      </object_component>
      <object_component id="oc-138">
         <name>.debug_info</name>
         <load_address>0x8417</load_address>
         <run_address>0x8417</run_address>
         <size>0x193</size>
         <input_file_ref idref="fl-14b"/>
      </object_component>
      <object_component id="oc-13c">
         <name>.debug_info</name>
         <load_address>0x85aa</load_address>
         <run_address>0x85aa</run_address>
         <size>0x153</size>
         <input_file_ref idref="fl-158"/>
      </object_component>
      <object_component id="oc-141">
         <name>.debug_info</name>
         <load_address>0x86fd</load_address>
         <run_address>0x86fd</run_address>
         <size>0x16b</size>
         <input_file_ref idref="fl-152"/>
      </object_component>
      <object_component id="oc-144">
         <name>.debug_info</name>
         <load_address>0x8868</load_address>
         <run_address>0x8868</run_address>
         <size>0x224</size>
         <input_file_ref idref="fl-14c"/>
      </object_component>
      <object_component id="oc-147">
         <name>.debug_info</name>
         <load_address>0x8a8c</load_address>
         <run_address>0x8a8c</run_address>
         <size>0x13a</size>
         <input_file_ref idref="fl-163"/>
      </object_component>
      <object_component id="oc-14a">
         <name>.debug_info</name>
         <load_address>0x8bc6</load_address>
         <run_address>0x8bc6</run_address>
         <size>0xd5</size>
         <input_file_ref idref="fl-14e"/>
      </object_component>
      <object_component id="oc-14e">
         <name>.debug_info</name>
         <load_address>0x8c9b</load_address>
         <run_address>0x8c9b</run_address>
         <size>0xdb</size>
         <input_file_ref idref="fl-145"/>
      </object_component>
      <object_component id="oc-154">
         <name>.debug_info</name>
         <load_address>0x8d76</load_address>
         <run_address>0x8d76</run_address>
         <size>0xed</size>
         <input_file_ref idref="fl-147"/>
      </object_component>
      <object_component id="oc-158">
         <name>.debug_info</name>
         <load_address>0x8e63</load_address>
         <run_address>0x8e63</run_address>
         <size>0xed</size>
         <input_file_ref idref="fl-146"/>
      </object_component>
      <object_component id="oc-15a">
         <name>.debug_info</name>
         <load_address>0x8f50</load_address>
         <run_address>0x8f50</run_address>
         <size>0xdd</size>
         <input_file_ref idref="fl-145"/>
      </object_component>
      <object_component id="oc-15e">
         <name>.debug_info</name>
         <load_address>0x902d</load_address>
         <run_address>0x902d</run_address>
         <size>0xe1</size>
         <input_file_ref idref="fl-148"/>
      </object_component>
      <object_component id="oc-163">
         <name>.debug_info</name>
         <load_address>0x910e</load_address>
         <run_address>0x910e</run_address>
         <size>0x177</size>
         <input_file_ref idref="fl-150"/>
      </object_component>
      <object_component id="oc-167">
         <name>.debug_info</name>
         <load_address>0x9285</load_address>
         <run_address>0x9285</run_address>
         <size>0xdf</size>
         <input_file_ref idref="fl-14d"/>
      </object_component>
      <object_component id="oc-16d">
         <name>.debug_info</name>
         <load_address>0x9364</load_address>
         <run_address>0x9364</run_address>
         <size>0xff</size>
         <input_file_ref idref="fl-144"/>
      </object_component>
      <object_component id="oc-170">
         <name>.debug_info</name>
         <load_address>0x9463</load_address>
         <run_address>0x9463</run_address>
         <size>0xfc</size>
         <input_file_ref idref="fl-153"/>
      </object_component>
      <object_component id="oc-173">
         <name>.debug_info</name>
         <load_address>0x955f</load_address>
         <run_address>0x955f</run_address>
         <size>0x111</size>
         <input_file_ref idref="fl-164"/>
      </object_component>
      <object_component id="oc-17a">
         <name>.debug_info</name>
         <load_address>0x9670</load_address>
         <run_address>0x9670</run_address>
         <size>0x160</size>
         <input_file_ref idref="fl-151"/>
      </object_component>
      <object_component id="oc-17e">
         <name>.debug_info</name>
         <load_address>0x97d0</load_address>
         <run_address>0x97d0</run_address>
         <size>0x126</size>
         <input_file_ref idref="fl-13f"/>
      </object_component>
      <object_component id="oc-182">
         <name>.debug_info</name>
         <load_address>0x98f6</load_address>
         <run_address>0x98f6</run_address>
         <size>0x26b</size>
         <input_file_ref idref="fl-13c"/>
      </object_component>
      <object_component id="oc-183">
         <name>.debug_info</name>
         <load_address>0x9b61</load_address>
         <run_address>0x9b61</run_address>
         <size>0x86</size>
         <input_file_ref idref="fl-13c"/>
      </object_component>
      <object_component id="oc-188">
         <name>.debug_info</name>
         <load_address>0x9be7</load_address>
         <run_address>0x9be7</run_address>
         <size>0x39</size>
         <input_file_ref idref="fl-13c"/>
      </object_component>
      <object_component id="oc-18f">
         <name>.debug_info</name>
         <load_address>0x9c20</load_address>
         <run_address>0x9c20</run_address>
         <size>0xc5</size>
         <input_file_ref idref="fl-143"/>
      </object_component>
      <object_component id="oc-192">
         <name>.debug_info</name>
         <load_address>0x9ce5</load_address>
         <run_address>0x9ce5</run_address>
         <size>0xae</size>
         <input_file_ref idref="fl-136"/>
      </object_component>
      <object_component id="oc-19a">
         <name>.debug_info</name>
         <load_address>0x9d93</load_address>
         <run_address>0x9d93</run_address>
         <size>0x1b5</size>
         <input_file_ref idref="fl-154"/>
      </object_component>
      <object_component id="oc-19d">
         <name>.debug_info</name>
         <load_address>0x9f48</load_address>
         <run_address>0x9f48</run_address>
         <size>0x116</size>
         <input_file_ref idref="fl-13a"/>
      </object_component>
      <object_component id="oc-19f">
         <name>.debug_info</name>
         <load_address>0xa05e</load_address>
         <run_address>0xa05e</run_address>
         <size>0x18c</size>
         <input_file_ref idref="fl-166"/>
      </object_component>
      <object_component id="oc-1a4">
         <name>.debug_info</name>
         <load_address>0xa1ea</load_address>
         <run_address>0xa1ea</run_address>
         <size>0x185</size>
         <input_file_ref idref="fl-14a"/>
      </object_component>
      <object_component id="oc-1a8">
         <name>.debug_info</name>
         <load_address>0xa36f</load_address>
         <run_address>0xa36f</run_address>
         <size>0x16d</size>
         <input_file_ref idref="fl-155"/>
      </object_component>
      <object_component id="oc-1ad">
         <name>.debug_info</name>
         <load_address>0xa4dc</load_address>
         <run_address>0xa4dc</run_address>
         <size>0x1c2</size>
         <input_file_ref idref="fl-15f"/>
      </object_component>
      <object_component id="oc-1b0">
         <name>.debug_info</name>
         <load_address>0xa69e</load_address>
         <run_address>0xa69e</run_address>
         <size>0x1e5</size>
         <input_file_ref idref="fl-160"/>
      </object_component>
      <object_component id="oc-1b5">
         <name>.debug_info</name>
         <load_address>0xa883</load_address>
         <run_address>0xa883</run_address>
         <size>0x2b5</size>
         <input_file_ref idref="fl-15b"/>
      </object_component>
      <object_component id="oc-1ba">
         <name>.debug_info</name>
         <load_address>0xab38</load_address>
         <run_address>0xab38</run_address>
         <size>0xe8</size>
         <input_file_ref idref="fl-149"/>
      </object_component>
      <object_component id="oc-1be">
         <name>.debug_info</name>
         <load_address>0xac20</load_address>
         <run_address>0xac20</run_address>
         <size>0x2b9</size>
         <input_file_ref idref="fl-15d"/>
      </object_component>
      <object_component id="oc-1c6">
         <name>.debug_info</name>
         <load_address>0xaed9</load_address>
         <run_address>0xaed9</run_address>
         <size>0x222</size>
         <input_file_ref idref="fl-15c"/>
      </object_component>
      <object_component id="oc-1c8">
         <name>.debug_info</name>
         <load_address>0xb0fb</load_address>
         <run_address>0xb0fb</run_address>
         <size>0x256</size>
         <input_file_ref idref="fl-15e"/>
      </object_component>
      <object_component id="oc-1ce">
         <name>.debug_info</name>
         <load_address>0xb351</load_address>
         <run_address>0xb351</run_address>
         <size>0x185</size>
         <input_file_ref idref="fl-15a"/>
      </object_component>
      <object_component id="oc-1d3">
         <name>.debug_info</name>
         <load_address>0xb4d6</load_address>
         <run_address>0xb4d6</run_address>
         <size>0x169</size>
         <input_file_ref idref="fl-157"/>
      </object_component>
      <object_component id="oc-1d8">
         <name>.debug_info</name>
         <load_address>0xb63f</load_address>
         <run_address>0xb63f</run_address>
         <size>0x3f4</size>
         <input_file_ref idref="fl-13d"/>
      </object_component>
      <object_component id="oc-1d9">
         <name>.debug_info</name>
         <load_address>0xba33</load_address>
         <run_address>0xba33</run_address>
         <size>0x9a</size>
         <input_file_ref idref="fl-13d"/>
      </object_component>
      <object_component id="oc-1e0">
         <name>.debug_info</name>
         <load_address>0xbacd</load_address>
         <run_address>0xbacd</run_address>
         <size>0xa3</size>
         <input_file_ref idref="fl-142"/>
      </object_component>
      <object_component id="oc-1e6">
         <name>.debug_info</name>
         <load_address>0xbb70</load_address>
         <run_address>0xbb70</run_address>
         <size>0x196</size>
         <input_file_ref idref="fl-16b"/>
      </object_component>
      <object_component id="oc-1eb">
         <name>.debug_info</name>
         <load_address>0xbd06</load_address>
         <run_address>0xbd06</run_address>
         <size>0x106</size>
         <input_file_ref idref="fl-167"/>
      </object_component>
      <object_component id="oc-1ed">
         <name>.debug_info</name>
         <load_address>0xbe0c</load_address>
         <run_address>0xbe0c</run_address>
         <size>0x139</size>
         <input_file_ref idref="fl-143"/>
      </object_component>
      <object_component id="oc-1ef">
         <name>.debug_info</name>
         <load_address>0xbf45</load_address>
         <run_address>0xbf45</run_address>
         <size>0x157</size>
         <input_file_ref idref="fl-169"/>
      </object_component>
      <object_component id="oc-1f1">
         <name>.debug_info</name>
         <load_address>0xc09c</load_address>
         <run_address>0xc09c</run_address>
         <size>0x17e</size>
         <input_file_ref idref="fl-156"/>
      </object_component>
      <object_component id="oc-1f7">
         <name>.debug_info</name>
         <load_address>0xc21a</load_address>
         <run_address>0xc21a</run_address>
         <size>0x182</size>
         <input_file_ref idref="fl-159"/>
      </object_component>
      <object_component id="oc-1fb">
         <name>.debug_info</name>
         <load_address>0xc39c</load_address>
         <run_address>0xc39c</run_address>
         <size>0xcb</size>
         <input_file_ref idref="fl-14f"/>
      </object_component>
      <object_component id="oc-1fd">
         <name>.debug_info</name>
         <load_address>0xc467</load_address>
         <run_address>0xc467</run_address>
         <size>0x45a</size>
         <input_file_ref idref="fl-14f"/>
      </object_component>
      <object_component id="oc-1fe">
         <name>.debug_info</name>
         <load_address>0xc8c1</load_address>
         <run_address>0xc8c1</run_address>
         <size>0x2c</size>
         <input_file_ref idref="fl-14f"/>
      </object_component>
      <object_component id="oc-206">
         <name>.debug_info</name>
         <load_address>0xc8ed</load_address>
         <run_address>0xc8ed</run_address>
         <size>0x9f</size>
         <input_file_ref idref="fl-158"/>
      </object_component>
      <object_component id="oc-208">
         <name>.debug_info</name>
         <load_address>0xc98c</load_address>
         <run_address>0xc98c</run_address>
         <size>0xb5</size>
         <input_file_ref idref="fl-152"/>
      </object_component>
      <object_component id="oc-213">
         <name>.debug_info</name>
         <load_address>0xca41</load_address>
         <run_address>0xca41</run_address>
         <size>0x101</size>
         <input_file_ref idref="fl-150"/>
      </object_component>
      <object_component id="oc-218">
         <name>.debug_info</name>
         <load_address>0xcb42</load_address>
         <run_address>0xcb42</run_address>
         <size>0x10f</size>
         <input_file_ref idref="fl-165"/>
      </object_component>
      <object_component id="oc-21e">
         <name>.debug_info</name>
         <load_address>0xcc51</load_address>
         <run_address>0xcc51</run_address>
         <size>0xa6</size>
         <input_file_ref idref="fl-151"/>
      </object_component>
      <object_component id="oc-220">
         <name>.debug_info</name>
         <load_address>0xccf7</load_address>
         <run_address>0xccf7</run_address>
         <size>0xc5</size>
         <input_file_ref idref="fl-13f"/>
      </object_component>
      <object_component id="oc-223">
         <name>.debug_info</name>
         <load_address>0xcdbc</load_address>
         <run_address>0xcdbc</run_address>
         <size>0x2c</size>
         <input_file_ref idref="fl-13c"/>
      </object_component>
      <object_component id="oc-228">
         <name>.debug_info</name>
         <load_address>0xcde8</load_address>
         <run_address>0xcde8</run_address>
         <size>0x46</size>
         <input_file_ref idref="fl-13c"/>
      </object_component>
      <object_component id="oc-230">
         <name>.debug_info</name>
         <load_address>0xce2e</load_address>
         <run_address>0xce2e</run_address>
         <size>0x855</size>
         <input_file_ref idref="fl-16c"/>
      </object_component>
      <object_component id="oc-235">
         <name>.debug_info</name>
         <load_address>0xd683</load_address>
         <run_address>0xd683</run_address>
         <size>0x40a</size>
         <input_file_ref idref="fl-16a"/>
      </object_component>
      <object_component id="oc-23a">
         <name>.debug_info</name>
         <load_address>0xda8d</load_address>
         <run_address>0xda8d</run_address>
         <size>0x175</size>
         <input_file_ref idref="fl-154"/>
      </object_component>
      <object_component id="oc-23b">
         <name>.debug_info</name>
         <load_address>0xdc02</load_address>
         <run_address>0xdc02</run_address>
         <size>0xbb</size>
         <input_file_ref idref="fl-13a"/>
      </object_component>
      <object_component id="oc-243">
         <name>.debug_info</name>
         <load_address>0xdcbd</load_address>
         <run_address>0xdcbd</run_address>
         <size>0x180</size>
         <input_file_ref idref="fl-166"/>
      </object_component>
      <object_component id="oc-247">
         <name>.debug_info</name>
         <load_address>0xde3d</load_address>
         <run_address>0xde3d</run_address>
         <size>0xaa</size>
         <input_file_ref idref="fl-155"/>
      </object_component>
      <object_component id="oc-249">
         <name>.debug_info</name>
         <load_address>0xdee7</load_address>
         <run_address>0xdee7</run_address>
         <size>0xaa</size>
         <input_file_ref idref="fl-168"/>
      </object_component>
      <object_component id="oc-24b">
         <name>.debug_info</name>
         <load_address>0xdf91</load_address>
         <run_address>0xdf91</run_address>
         <size>0xf6</size>
         <input_file_ref idref="fl-15f"/>
      </object_component>
      <object_component id="oc-24d">
         <name>.debug_info</name>
         <load_address>0xe087</load_address>
         <run_address>0xe087</run_address>
         <size>0xf7</size>
         <input_file_ref idref="fl-160"/>
      </object_component>
      <object_component id="oc-24f">
         <name>.debug_info</name>
         <load_address>0xe17e</load_address>
         <run_address>0xe17e</run_address>
         <size>0xcd</size>
         <input_file_ref idref="fl-15b"/>
      </object_component>
      <object_component id="oc-251">
         <name>.debug_info</name>
         <load_address>0xe24b</load_address>
         <run_address>0xe24b</run_address>
         <size>0x176</size>
         <input_file_ref idref="fl-15b"/>
      </object_component>
      <object_component id="oc-254">
         <name>.debug_info</name>
         <load_address>0xe3c1</load_address>
         <run_address>0xe3c1</run_address>
         <size>0xce</size>
         <input_file_ref idref="fl-15d"/>
      </object_component>
      <object_component id="oc-256">
         <name>.debug_info</name>
         <load_address>0xe48f</load_address>
         <run_address>0xe48f</run_address>
         <size>0x198</size>
         <input_file_ref idref="fl-15d"/>
      </object_component>
      <object_component id="oc-258">
         <name>.debug_info</name>
         <load_address>0xe627</load_address>
         <run_address>0xe627</run_address>
         <size>0xf5</size>
         <input_file_ref idref="fl-15c"/>
      </object_component>
      <object_component id="oc-25a">
         <name>.debug_info</name>
         <load_address>0xe71c</load_address>
         <run_address>0xe71c</run_address>
         <size>0xf6</size>
         <input_file_ref idref="fl-15e"/>
      </object_component>
      <object_component id="oc-25c">
         <name>.debug_info</name>
         <load_address>0xe812</load_address>
         <run_address>0xe812</run_address>
         <size>0xab</size>
         <input_file_ref idref="fl-15a"/>
      </object_component>
      <object_component id="oc-25e">
         <name>.debug_info</name>
         <load_address>0xe8bd</load_address>
         <run_address>0xe8bd</run_address>
         <size>0xaa</size>
         <input_file_ref idref="fl-157"/>
      </object_component>
      <object_component id="oc-264">
         <name>.debug_info</name>
         <load_address>0xe967</load_address>
         <run_address>0xe967</run_address>
         <size>0x134</size>
         <input_file_ref idref="fl-16b"/>
      </object_component>
      <object_component id="oc-26c">
         <name>.debug_info</name>
         <load_address>0xea9b</load_address>
         <run_address>0xea9b</run_address>
         <size>0x9a</size>
         <input_file_ref idref="fl-156"/>
      </object_component>
      <object_component id="oc-26e">
         <name>.debug_info</name>
         <load_address>0xeb35</load_address>
         <run_address>0xeb35</run_address>
         <size>0xab</size>
         <input_file_ref idref="fl-159"/>
      </object_component>
      <object_component id="oc-271">
         <name>.debug_info</name>
         <load_address>0xebe0</load_address>
         <run_address>0xebe0</run_address>
         <size>0x9e2</size>
         <input_file_ref idref="fl-161"/>
      </object_component>
      <object_component id="oc-278">
         <name>.debug_info</name>
         <load_address>0xf5c2</load_address>
         <run_address>0xf5c2</run_address>
         <size>0x120</size>
         <input_file_ref idref="fl-14f"/>
      </object_component>
      <object_component id="oc-284">
         <name>.debug_info</name>
         <load_address>0xf6e2</load_address>
         <run_address>0xf6e2</run_address>
         <size>0x9a</size>
         <input_file_ref idref="fl-165"/>
      </object_component>
      <object_component id="oc-28a">
         <name>.debug_info</name>
         <load_address>0xf77c</load_address>
         <run_address>0xf77c</run_address>
         <size>0x101</size>
         <input_file_ref idref="fl-16c"/>
      </object_component>
      <object_component id="oc-28d">
         <name>.debug_info</name>
         <load_address>0xf87d</load_address>
         <run_address>0xf87d</run_address>
         <size>0x24d</size>
         <input_file_ref idref="fl-16d"/>
      </object_component>
      <object_component id="oc-293">
         <name>.debug_info</name>
         <load_address>0xfaca</load_address>
         <run_address>0xfaca</run_address>
         <size>0x1f1</size>
         <input_file_ref idref="fl-16a"/>
      </object_component>
      <object_component id="oc-2b8">
         <name>.debug_info</name>
         <load_address>0xfcbb</load_address>
         <run_address>0xfcbb</run_address>
         <size>0x236</size>
         <input_file_ref idref="fl-162"/>
      </object_component>
      <object_component id="oc-2bc">
         <name>.debug_info</name>
         <load_address>0xfef1</load_address>
         <run_address>0xfef1</run_address>
[...]
      </symbol>
      <symbol id="sm-116">
         <name>fscanf</name>
         <value>0x2da1</value>
         <object_component_ref idref="oc-b3"/>
      </symbol>
      <symbol id="sm-117">
         <name>vfscanf</name>
         <value>0x2d13</value>
         <object_component_ref idref="oc-b3"/>
      </symbol>
      <symbol id="sm-131">
         <name>memcpy</name>
         <value>0x3ebd</value>
         <object_component_ref idref="oc-3f"/>
      </symbol>
      <symbol id="sm-132">
         <name>__aeabi_memcpy</name>
         <value>0x3ebd</value>
         <object_component_ref idref="oc-3f"/>
      </symbol>
      <symbol id="sm-133">
         <name>__aeabi_memcpy8</name>
         <value>0x3ebd</value>
         <object_component_ref idref="oc-3f"/>
      </symbol>
      <symbol id="sm-134">
         <name>__aeabi_memcpy4</name>
         <value>0x3ebd</value>
         <object_component_ref idref="oc-3f"/>
      </symbol>
      <symbol id="sm-14c">
         <name>printf</name>
         <value>0x4315</value>
         <object_component_ref idref="oc-ae"/>
      </symbol>
      <symbol id="sm-153">
         <name>main_func_sp</name>
         <value>0x200011f4</value>
         <object_component_ref idref="oc-3c"/>
      </symbol>
      <symbol id="sm-16b">
         <name>ungetc</name>
         <value>0x4119</value>
         <object_component_ref idref="oc-104"/>
      </symbol>
      <symbol id="sm-181">
         <name>_nop</name>
         <value>0x4887</value>
         <object_component_ref idref="oc-c6"/>
      </symbol>
      <symbol id="sm-182">
         <name>_lock</name>
         <value>0x200011dc</value>
         <object_component_ref idref="oc-7a"/>
      </symbol>
      <symbol id="sm-183">
         <name>_unlock</name>
         <value>0x200011e0</value>
         <object_component_ref idref="oc-7a"/>
      </symbol>
      <symbol id="sm-184">
         <name>_register_lock</name>
         <value>0x487f</value>
         <object_component_ref idref="oc-c6"/>
      </symbol>
      <symbol id="sm-185">
         <name>_register_unlock</name>
         <value>0x4879</value>
         <object_component_ref idref="oc-c6"/>
      </symbol>
      <symbol id="sm-272">
         <name>__TI_printfi</name>
         <value>0xdef</value>
         <object_component_ref idref="oc-f6"/>
      </symbol>
      <symbol id="sm-30c">
         <name>__TI_scanfi</name>
         <value>0x1575</value>
         <object_component_ref idref="oc-10e"/>
      </symbol>
      <symbol id="sm-31f">
         <name>_args_main</name>
         <value>0x47ed</value>
         <object_component_ref idref="oc-32"/>
      </symbol>
      <symbol id="sm-334">
         <name>atoi</name>
         <value>0x4551</value>
         <object_component_ref idref="oc-17c"/>
      </symbol>
      <symbol id="sm-350">
         <name>__TI_auto_init</name>
         <value>0x3ff1</value>
         <object_component_ref idref="oc-2e"/>
      </symbol>
      <symbol id="sm-368">
         <name>copy_in</name>
         <value>0x4679</value>
         <object_component_ref idref="oc-68"/>
      </symbol>
      <symbol id="sm-372">
         <name>_ctypes_</name>
         <value>0x4918</value>
         <object_component_ref idref="oc-113"/>
      </symbol>
      <symbol id="sm-388">
         <name>__aeabi_stdout</name>
         <value>0x200011c8</value>
         <object_component_ref idref="oc-1ec"/>
      </symbol>
      <symbol id="sm-389">
         <name>__TI_tmpnams</name>
         <value>0x20001318</value>
         <object_component_ref idref="oc-2c7"/>
      </symbol>
      <symbol id="sm-38a">
         <name>__aeabi_stderr</name>
         <value>0x200011cc</value>
         <object_component_ref idref="oc-1ec"/>
      </symbol>
      <symbol id="sm-38b">
         <name>__aeabi_stdin</name>
         <value>0x200011c4</value>
         <object_component_ref idref="oc-1ec"/>
      </symbol>
      <symbol id="sm-38c">
         <name>_ftable</name>
         <value>0x20001000</value>
         <object_component_ref idref="oc-fb"/>
      </symbol>
      <symbol id="sm-38d">
         <name>__TI_ft_end</name>
         <value>0x200011c0</value>
         <object_component_ref idref="oc-1ec"/>
      </symbol>
      <symbol id="sm-3a3">
         <name>__aeabi_dsub</name>
         <value>0x2fd1</value>
         <object_component_ref idref="oc-16a"/>
      </symbol>
      <symbol id="sm-3a4">
         <name>__aeabi_dadd</name>
         <value>0x2fdb</value>
         <object_component_ref idref="oc-16a"/>
      </symbol>
      <symbol id="sm-3c4">
         <name>__aeabi_cdcmpeq</name>
         <value>0x4199</value>
         <object_component_ref idref="oc-14d"/>
      </symbol>
      <symbol id="sm-3c5">
         <name>__aeabi_cdcmple</name>
         <value>0x4199</value>
         <object_component_ref idref="oc-14d"/>
      </symbol>
      <symbol id="sm-3c6">
         <name>__aeabi_cdrcmple</name>
         <value>0x4217</value>
         <object_component_ref idref="oc-159"/>
      </symbol>
      <symbol id="sm-3d9">
         <name>__aeabi_ddiv</name>
         <value>0x3431</value>
         <object_component_ref idref="oc-155"/>
      </symbol>
      <symbol id="sm-3e3">
         <name>__aeabi_dmul</name>
         <value>0x38dd</value>
         <object_component_ref idref="oc-151"/>
      </symbol>
      <symbol id="sm-3ec">
         <name>__aeabi_d2iz</name>
         <value>0x4631</value>
         <object_component_ref idref="oc-15d"/>
      </symbol>
      <symbol id="sm-3f5">
         <name>__aeabi_d2f</name>
         <value>0x459d</value>
         <object_component_ref idref="oc-1b9"/>
      </symbol>
      <symbol id="sm-40b">
         <name>getc</name>
         <value>0x4101</value>
         <object_component_ref idref="oc-109"/>
      </symbol>
      <symbol id="sm-40c">
         <name>getchar</name>
         <value>0x4105</value>
         <object_component_ref idref="oc-109"/>
      </symbol>
      <symbol id="sm-40d">
         <name>fgetc</name>
         <value>0x4085</value>
         <object_component_ref idref="oc-109"/>
      </symbol>
      <symbol id="sm-424">
         <name>putc</name>
         <value>0x3ea5</value>
         <object_component_ref idref="oc-ec"/>
      </symbol>
      <symbol id="sm-425">
         <name>fputc</name>
         <value>0x3e21</value>
         <object_component_ref idref="oc-ec"/>
      </symbol>
      <symbol id="sm-426">
         <name>putchar</name>
         <value>0x3ea9</value>
         <object_component_ref idref="oc-ec"/>
      </symbol>
      <symbol id="sm-447">
         <name>puts</name>
         <value>0x3675</value>
         <object_component_ref idref="oc-f1"/>
      </symbol>
      <symbol id="sm-448">
         <name>fputs</name>
         <value>0x3569</value>
         <object_component_ref idref="oc-f1"/>
      </symbol>
      <symbol id="sm-451">
         <name>__aeabi_i2d</name>
         <value>0x47a3</value>
         <object_component_ref idref="oc-166"/>
      </symbol>
      <symbol id="sm-459">
         <name>__aeabi_lmul</name>
         <value>0x4805</value>
         <object_component_ref idref="oc-149"/>
      </symbol>
      <symbol id="sm-4a4">
         <name>open</name>
         <value>0x1f53</value>
         <object_component_ref idref="oc-132"/>
      </symbol>
      <symbol id="sm-4a5">
         <name>add_device</name>
         <value>0x2077</value>
         <object_component_ref idref="oc-132"/>
      </symbol>
      <symbol id="sm-4a6">
         <name>remove_device</name>
         <value>0x1f07</value>
         <object_component_ref idref="oc-132"/>
      </symbol>
      <symbol id="sm-4a7">
         <name>lseek</name>
         <value>0x2001</value>
         <object_component_ref idref="oc-132"/>
      </symbol>
      <symbol id="sm-4a8">
         <name>read</name>
         <value>0x1f2f</value>
         <object_component_ref idref="oc-132"/>
      </symbol>
      <symbol id="sm-4a9">
         <name>rename</name>
         <value>0x1ec9</value>
         <object_component_ref idref="oc-132"/>
      </symbol>
      <symbol id="sm-4aa">
         <name>write</name>
         <value>0x1e15</value>
         <object_component_ref idref="oc-132"/>
      </symbol>
      <symbol id="sm-4ab">
         <name>close</name>
         <value>0x2025</value>
         <object_component_ref idref="oc-132"/>
      </symbol>
      <symbol id="sm-4ac">
         <name>unlink</name>
         <value>0x1ea5</value>
         <object_component_ref idref="oc-132"/>
      </symbol>
      <symbol id="sm-4ba">
         <name>ltoa</name>
         <value>0x449f</value>
         <object_component_ref idref="oc-161"/>
      </symbol>
      <symbol id="sm-4c9">
         <name>memccpy</name>
         <value>0x47d1</value>
         <object_component_ref idref="oc-177"/>
      </symbol>
      <symbol id="sm-4d8">
         <name>memchr</name>
         <value>0x484d</value>
         <object_component_ref idref="oc-13e"/>
      </symbol>
      <symbol id="sm-4e6">
         <name>__aeabi_memset</name>
         <value>0x4297</value>
         <object_component_ref idref="oc-16e"/>
      </symbol>
      <symbol id="sm-4e7">
         <name>memset</name>
         <value>0x429d</value>
         <object_component_ref idref="oc-16e"/>
      </symbol>
      <symbol id="sm-4e8">
         <name>__aeabi_memset8</name>
         <value>0x4297</value>
         <object_component_ref idref="oc-16e"/>
      </symbol>
      <symbol id="sm-4e9">
         <name>__aeabi_memset4</name>
         <value>0x4297</value>
         <object_component_ref idref="oc-16e"/>
      </symbol>
      <symbol id="sm-4ea">
         <name>__aeabi_memclr8</name>
         <value>0x4295</value>
         <object_component_ref idref="oc-16e"/>
      </symbol>
      <symbol id="sm-4eb">
         <name>__aeabi_memclr4</name>
         <value>0x4295</value>
         <object_component_ref idref="oc-16e"/>
      </symbol>
      <symbol id="sm-4ec">
         <name>__aeabi_memclr</name>
         <value>0x4295</value>
         <object_component_ref idref="oc-16e"/>
      </symbol>
      <symbol id="sm-507">
         <name>setvbuf</name>
         <value>0x39d9</value>
         <object_component_ref idref="oc-197"/>
      </symbol>
      <symbol id="sm-516">
         <name>strchr</name>
         <value>0x4863</value>
         <object_component_ref idref="oc-1a5"/>
      </symbol>
      <symbol id="sm-524">
         <name>strcmp</name>
         <value>0x481d</value>
         <object_component_ref idref="oc-1f0"/>
      </symbol>
      <symbol id="sm-531">
         <name>strcpy</name>
         <value>0x48d7</value>
         <object_component_ref idref="oc-1d2"/>
      </symbol>
      <symbol id="sm-53e">
         <name>strlen</name>
         <value>0x488d</value>
         <object_component_ref idref="oc-139"/>
      </symbol>
      <symbol id="sm-54d">
         <name>strncpy</name>
         <value>0x4745</value>
         <object_component_ref idref="oc-1f5"/>
      </symbol>
      <symbol id="sm-55b">
         <name>strrchr</name>
         <value>0x4835</value>
         <object_component_ref idref="oc-1cd"/>
      </symbol>
      <symbol id="sm-594">
         <name>strtod</name>
         <value>0x23f9</value>
         <object_component_ref idref="oc-1b4"/>
      </symbol>
      <symbol id="sm-5b6">
         <name>strtol</name>
         <value>0x369d</value>
         <object_component_ref idref="oc-1c2"/>
      </symbol>
      <symbol id="sm-5ef">
         <name>strtold</name>
         <value>0x2635</value>
         <object_component_ref idref="oc-1bd"/>
      </symbol>
      <symbol id="sm-617">
         <name>strtoll</name>
         <value>0x2a5d</value>
         <object_component_ref idref="oc-1c7"/>
      </symbol>
      <symbol id="sm-637">
         <name>strtoul</name>
         <value>0x37cd</value>
         <object_component_ref idref="oc-1aa"/>
      </symbol>
      <symbol id="sm-65b">
         <name>strtoull</name>
         <value>0x3189</value>
         <object_component_ref idref="oc-1af"/>
      </symbol>
      <symbol id="sm-67a">
         <name>HOSTgetenv</name>
         <value>0x233b</value>
         <object_component_ref idref="oc-26f"/>
      </symbol>
      <symbol id="sm-67b">
         <name>HOSTrename</name>
         <value>0x21e3</value>
         <object_component_ref idref="oc-26f"/>
      </symbol>
      <symbol id="sm-67c">
         <name>HOSTclose</name>
         <value>0x2379</value>
         <object_component_ref idref="oc-26f"/>
      </symbol>
      <symbol id="sm-67d">
         <name>HOSTunlink</name>
         <value>0x2171</value>
         <object_component_ref idref="oc-26f"/>
      </symbol>
      <symbol id="sm-67e">
         <name>HOSTlseek</name>
         <value>0x22df</value>
         <object_component_ref idref="oc-26f"/>
      </symbol>
      <symbol id="sm-67f">
         <name>HOSTopen</name>
         <value>0x228d</value>
         <object_component_ref idref="oc-26f"/>
      </symbol>
      <symbol id="sm-680">
         <name>HOSTclock</name>
         <value>0x23b1</value>
         <object_component_ref idref="oc-26f"/>
      </symbol>
      <symbol id="sm-681">
         <name>HOSTwrite</name>
         <value>0x2125</value>
         <object_component_ref idref="oc-26f"/>
      </symbol>
      <symbol id="sm-682">
         <name>HOSTread</name>
         <value>0x2241</value>
         <object_component_ref idref="oc-26f"/>
      </symbol>
      <symbol id="sm-683">
         <name>HOSTtime</name>
         <value>0x21a9</value>
         <object_component_ref idref="oc-26f"/>
      </symbol>
      <symbol id="sm-69c">
         <name>__TI_readmsg</name>
         <value>0x440f</value>
         <object_component_ref idref="oc-2b6"/>
      </symbol>
      <symbol id="sm-69d">
         <name>C$$IO$$</name>
         <value>0x440b</value>
         <object_component_ref idref="oc-2b6"/>
      </symbol>
      <symbol id="sm-69e">
         <name>__CIOBUF_</name>
         <value>0x200011f8</value>
         <object_component_ref idref="oc-2cd"/>
      </symbol>
      <symbol id="sm-69f">
         <name>__TI_writemsg</name>
         <value>0x43e1</value>
         <object_component_ref idref="oc-2b6"/>
      </symbol>
      <symbol id="sm-6ba">
         <name>__aeabi_uldivmod</name>
         <value>0x2869</value>
         <object_component_ref idref="oc-145"/>
      </symbol>
      <symbol id="sm-6c3">
         <name>_Dclass</name>
         <value>0x48c5</value>
         <object_component_ref idref="oc-172"/>
      </symbol>
      <symbol id="sm-6d4">
         <name>_Dtest</name>
         <value>0x4701</value>
         <object_component_ref idref="oc-217"/>
      </symbol>
      <symbol id="sm-6ec">
         <name>__TI_buff_read</name>
         <value>0x3d85</value>
         <object_component_ref idref="oc-19e"/>
      </symbol>
      <symbol id="sm-704">
         <name>__TI_wrt_ok</name>
         <value>0x3c3d</value>
         <object_component_ref idref="oc-128"/>
      </symbol>
      <symbol id="sm-705">
         <name>__TI_rd_ok</name>
         <value>0x3c9f</value>
         <object_component_ref idref="oc-128"/>
      </symbol>
      <symbol id="sm-70c">
         <name>_Errno</name>
         <value>0x200011ec</value>
         <object_component_ref idref="oc-248"/>
      </symbol>
      <symbol id="sm-725">
         <name>__TI_doflush</name>
         <value>0x3b7d</value>
         <object_component_ref idref="oc-12d"/>
      </symbol>
      <symbol id="sm-726">
         <name>fflush</name>
         <value>0x3bc9</value>
         <object_component_ref idref="oc-12d"/>
      </symbol>
      <symbol id="sm-75d">
         <name>__TI_cleanup</name>
         <value>0x2ed9</value>
         <object_component_ref idref="oc-234"/>
      </symbol>
      <symbol id="sm-75e">
         <name>freopen</name>
         <value>0x2f05</value>
         <object_component_ref idref="oc-234"/>
      </symbol>
      <symbol id="sm-75f">
         <name>fopen</name>
         <value>0x2f2f</value>
         <object_component_ref idref="oc-234"/>
      </symbol>
      <symbol id="sm-770">
         <name>fseek</name>
         <value>0x437d</value>
         <object_component_ref idref="oc-1e5"/>
      </symbol>
      <symbol id="sm-7dc">
         <name>_sys_memory</name>
         <value>0x20000800</value>
         <object_component_ref idref="oc-24"/>
      </symbol>
      <symbol id="sm-7dd">
         <name>free</name>
         <value>0x1b37</value>
         <object_component_ref idref="oc-22f"/>
      </symbol>
      <symbol id="sm-7de">
         <name>realloc</name>
         <value>0x1bf7</value>
         <object_component_ref idref="oc-22f"/>
      </symbol>
      <symbol id="sm-7df">
         <name>memalign</name>
         <value>0x1cfd</value>
         <object_component_ref idref="oc-22f"/>
      </symbol>
      <symbol id="sm-7e0">
         <name>calloc</name>
         <value>0x1ddd</value>
         <object_component_ref idref="oc-22f"/>
      </symbol>
      <symbol id="sm-7e1">
         <name>malloc</name>
         <value>0x1ad5</value>
         <object_component_ref idref="oc-22f"/>
      </symbol>
      <symbol id="sm-7e2">
         <name>minit</name>
         <value>0x1a49</value>
         <object_component_ref idref="oc-22f"/>
      </symbol>
      <symbol id="sm-7f7">
         <name>__TI_closefile</name>
         <value>0x3f59</value>
         <object_component_ref idref="oc-28c"/>
      </symbol>
      <symbol id="sm-7f8">
         <name>fclose</name>
         <value>0x3fbf</value>
         <object_component_ref idref="oc-28c"/>
      </symbol>
      <symbol id="sm-842">
         <name>SysCtlClockSet</name>
         <value>0x32f5</value>
         <object_component_ref idref="oc-a2"/>
      </symbol>
      <symbol id="sm-843">
         <name>SysCtlDelay</name>
         <value>0x490b</value>
         <object_component_ref idref="oc-d9"/>
      </symbol>
      <symbol id="sm-844">
         <name>SysCtlPeripheralEnable</name>
         <value>0x44f9</value>
         <object_component_ref idref="oc-a6"/>
      </symbol>
      <symbol id="sm-878">
         <name>GPIOPinTypeGPIOOutput</name>
         <value>0x48a1</value>
         <object_component_ref idref="oc-aa"/>
      </symbol>
      <symbol id="sm-879">
         <name>GPIODirModeSet</name>
         <value>0x4775</value>
         <object_component_ref idref="oc-e7"/>
      </symbol>
      <symbol id="sm-87a">
         <name>GPIOPinWrite</name>
         <value>0x4901</value>
         <object_component_ref idref="oc-b8"/>
      </symbol>
      <symbol id="sm-87b">
         <name>GPIOPadConfigSet</name>
         <value>0x3ab5</value>
         <object_component_ref idref="oc-e3"/>
      </symbol>
      <symbol id="sm-87d">
         <name>__TI_static_base__</name>
         <value>0x0</value>
      </symbol>
      <symbol id="sm-87e">
         <name>__TI_args_main</name>
         <value>0x1</value>
      </symbol>
      <symbol id="sm-87f">
         <name>SHT$$INIT_ARRAY$$Limit</name>
         <value>0x0</value>
      </symbol>
      <symbol id="sm-880">
         <name>SHT$$INIT_ARRAY$$Base</name>
         <value>0x0</value>
      </symbol>
      <symbol id="sm-884">
         <name>remove</name>
         <value>0x1ea5</value>
      </symbol>
   </symbol_table>
   <title>Link successful</title>
</link_info>
