******************************************************************************
                  TI ARM Linker PC v5.1.1                      
******************************************************************************
>> Linked Thu Dec 06 23:45:59 2018

OUTPUT FILE NAME:   <BT2_Ex02.out>
ENTRY POINT SYMBOL: "_c_int00"  address: 000045c1


MEMORY CONFIGURATION

         name            origin    length      used     unused   attr    fill
----------------------  --------  ---------  --------  --------  ----  --------
  FLASH                 00000000   00040000  00004c16  0003b3ea  R  X
  SRAM                  20000000   00008000  000013c4  00006c3c  RW X


SEGMENT ALLOCATION MAP

run origin  load origin   length   init length attrs members
----------  ----------- ---------- ----------- ----- -------
00000000    00000000    00004c18   00004c18    r-x
  00000000    00000000    0000026c   0000026c    r-- .intvecs
  0000026c    0000026c    00004682   00004682    r-x .text
  000048f0    000048f0    00000288   00000288    r-- .const
  00004b78    00004b78    000000a0   000000a0    r-- .cinit
20000000    20000000    000013c4   00000000    rw-
  20000000    20000000    00000800   00000000    rw- .stack
  20000800    20000800    00000800   00000000    rw- .sysmem
  20001000    20001000    000001f8   00000000    rw- .data
  200011f8    200011f8    000001cc   00000000    rw- .bss


SECTION ALLOCATION MAP

 output                                  attributes/
section   page    origin      length       input sections
--------  ----  ----------  ----------   ----------------
.intvecs   0    00000000    0000026c     
                  00000000    0000026c     lm4f120h5qr_startup_ccs.obj (.intvecs)

.init_array 
*          0    00000000    00000000     UNINITIALIZED

.text      0    0000026c    00004682     
                  0000026c    00000e8c     rtsv7M4_T_le_v4SPD16_eabi.lib : _printfi.obj (.text)
                  000010f8    00000950                                   : _scanfi.obj (.text)
                  00001a48    000003cc                                   : memory.obj (.text)
                  00001e14    00000310                                   : lowlev.obj (.text)
                  00002124    000002d4                                   : trgdrv.obj (.text)
                  000023f8    0000023c                                   : strtod.obj (.text)
                  00002634    00000234                                   : strtold.obj (.text)
                  00002868    000001f4                                   : ull_div_t2.obj (.text)
                  00002a5c    000001e4                                   : strtoll.obj (.text)
                  00002c40    000001d0                                   : fscanf.obj (.text)
                  00002e10    000001c0                                   : fopen.obj (.text)
                  00002fd0    000001b6                                   : fd_add_t2.obj (.text)
                  00003186    00000002     --HOLE-- [fill = 0]
                  00003188    0000016c                                   : strtoull.obj (.text)
                  000032f4    0000013c     driverlib-cm4f.lib : sysctl.obj (.text:SysCtlClockSet)
                  00003430    00000136     rtsv7M4_T_le_v4SPD16_eabi.lib : fd_div_t2.obj (.text)
                  00003566    00000002     --HOLE-- [fill = 0]
                  00003568    00000134                                   : fputs.obj (.text)
                  0000369c    00000130                                   : strtol.obj (.text)
                  000037cc    00000110                                   : strtoul.obj (.text)
                  000038dc    000000fc                                   : fd_mul_t2.obj (.text)
                  000039d8    000000dc                                   : setvbuf.obj (.text)
                  00003ab4    000000c8     driverlib-cm4f.lib : gpio.obj (.text:GPIOPadConfigSet)
                  00003b7c    000000c0     rtsv7M4_T_le_v4SPD16_eabi.lib : fflush.obj (.text)
                  00003c3c    000000ac                                   : _io_perm.obj (.text)
                  00003ce8    0000009c                                   : _bufread.obj (.text)
                  00003d84    0000009c                                   : fputc.obj (.text)
                  00003e20    0000009c                                   : memcpy_t2.obj (.text)
                  00003ebc    00000098                                   : fclose.obj (.text)
                  00003f54    00000094                                   : auto_init.obj (.text)
                  00003fe8    00000094                                   : fgetc.obj (.text)
                  0000407c    00000080                                   : ungetc.obj (.text)
                  000040fc    0000007e                                   : fd_cmp_t2.obj (.text:__aeabi_cdcmple)
                  0000417a    0000007e                                   : fd_cmp_t2.obj (.text:__aeabi_cdrcmple)
                  000041f8    00000078                                   : memset_t2.obj (.text)
                  00004270    00000074     main.obj (.text)
                  000042e4    00000070     rtsv7M4_T_le_v4SPD16_eabi.lib : printf.obj (.text)
                  00004354    00000064                                   : fseek.obj (.text)
                  000043b8    00000060                                   : trgmsg.obj (.text)
                  00004418    0000005e                                   : copy_decompress_rle.obj (.text)
                  00004476    0000005a                                   : ltoa.obj (.text)
                  000044d0    00000058     driverlib-cm4f.lib : sysctl.obj (.text:SysCtlPeripheralEnable)
                  00004528    0000004c     rtsv7M4_T_le_v4SPD16_eabi.lib : atoi.obj (.text)
                  00004574    0000004a                                   : fd_tos_t2.obj (.text)
                  000045be    00000002     --HOLE-- [fill = 0]
                  000045c0    00000048                                   : boot.obj (.text)
                  00004608    00000048                                   : fd_toi_t2.obj (.text)
                  00004650    00000044                                   : cpy_tbl.obj (.text)
                  00004694    00000044                                   : exit.obj (.text)
                  000046d8    00000044                                   : xdtest.obj (.text)
                  0000471c    00000030                                   : strncpy.obj (.text)
                  0000474c    0000002e     driverlib-cm4f.lib : gpio.obj (.text:GPIODirModeSet)
                  0000477a    0000002e     rtsv7M4_T_le_v4SPD16_eabi.lib : i_tofd_t2.obj (.text)
                  000047a8    0000001c                                   : memccpy.obj (.text)
                  000047c4    00000018                                   : args_main.obj (.text)
                  000047dc    00000018                                   : ll_mul_t2.obj (.text)
                  000047f4    00000018                                   : strcmp.obj (.text)
                  0000480c    00000018                                   : strrchr.obj (.text)
                  00004824    00000016                                   : memchr.obj (.text)
                  0000483a    00000016                                   : strchr.obj (.text)
                  00004850    00000014                                   : _lock.obj (.text)
                  00004864    00000014                                   : strlen.obj (.text)
                  00004878    00000012     driverlib-cm4f.lib : gpio.obj (.text:GPIOPinTypeGPIOOutput)
                  0000488a    00000012     rtsv7M4_T_le_v4SPD16_eabi.lib : copy_zero_init.obj (.text:decompress:ZI)
                  0000489c    00000012                                   : xdclass.obj (.text)
                  000048ae    00000010                                   : strcpy.obj (.text)
                  000048be    0000000e                                   : copy_decompress_none.obj (.text:decompress:none)
                  000048cc    0000000c     lm4f120h5qr_startup_ccs.obj (.text)
                  000048d8    0000000a     driverlib-cm4f.lib : gpio.obj (.text:GPIOPinWrite)
                  000048e2    00000006                        : sysctl.obj (.text:SysCtlDelay)
                  000048e8    00000006     rtsv7M4_T_le_v4SPD16_eabi.lib : copy_decompress_rle.obj (.text:decompress:rle24)

.const     0    000048f0    00000288     
                  000048f0    00000102     rtsv7M4_T_le_v4SPD16_eabi.lib : ctype.obj (.const:.string:_ctypes_)
                  000049f2    00000006     --HOLE-- [fill = 0]
                  000049f8    00000098                                   : strtod.obj (.const)
                  00004a90    00000098                                   : strtold.obj (.const)
                  00004b28    00000040     driverlib-cm4f.lib : sysctl.obj (.const)
                  00004b68    00000010     rtsv7M4_T_le_v4SPD16_eabi.lib : _scanfi.obj (.const)

.cinit     0    00004b78    000000a0     
                  00004b78    00000077     (.cinit..data.load) [load image, compression = rle]
                  00004bef    00000001     --HOLE-- [fill = 0]
                  00004bf0    0000000c     (__TI_handler_table)
                  00004bfc    00000004     --HOLE-- [fill = 0]
                  00004c00    00000008     (.cinit..bss.load) [load image, compression = zero_init]
                  00004c08    00000010     (__TI_cinit_table)

.stack     0    20000000    00000800     UNINITIALIZED
                  20000000    00000800     --HOLE--

.sysmem    0    20000800    00000800     UNINITIALIZED
                  20000800    00000008     rtsv7M4_T_le_v4SPD16_eabi.lib : memory.obj (.sysmem)
                  20000808    000007f8     --HOLE--

.data      0    20001000    000001f8     UNINITIALIZED
                  20001000    000000f0     rtsv7M4_T_le_v4SPD16_eabi.lib : defs.obj (.data:_ftable)
                  200010f0    000000d0                                   : lowlev.obj (.data)
                  200011c0    00000010                                   : defs.obj (.data)
                  200011d0    0000000c                                   : memory.obj (.data)
                  200011dc    00000008                                   : _lock.obj (.data)
                  200011e4    00000008                                   : exit.obj (.data)
                  200011ec    00000004                                   : errno.obj (.data)
                  200011f0    00000004                                   : fopen.obj (.data)
                  200011f4    00000004                                   : stkdepth_vars.obj (.data)

.bss       0    200011f8    000001cc     UNINITIALIZED
                  200011f8    00000120     rtsv7M4_T_le_v4SPD16_eabi.lib : trgmsg.obj (.bss:__CIOBUF_)
                  20001318    000000a0                                   : defs.obj (.bss:__TI_tmpnams)
                  200013b8    00000008     (.common:parmbuf)
                  200013c0    00000004     (.common:i)


LINKER GENERATED COPY TABLES

__TI_cinit_table @ 00004c08 records: 2, size/record: 8, table size: 16
	.data: load addr=00004b78, load size=00000077 bytes, run addr=20001000, run size=000001f8 bytes, compression=rle
	.bss: load addr=00004c00, load size=00000008 bytes, run addr=200011f8, run size=000001cc bytes, compression=zero_init


LINKER GENERATED HANDLER TABLE

__TI_handler_table @ 00004bf0 records: 3, size/record: 4, table size: 12
	index: 0, handler: __TI_decompress_rle24
	index: 1, handler: __TI_decompress_none
	index: 2, handler: __TI_zero_init


GLOBAL SYMBOLS: SORTED ALPHABETICALLY BY Name 

address    name
--------   ----
00004695   C$$EXIT
000043e3   C$$IO$$
0000474d   GPIODirModeSet
00003ab5   GPIOPadConfigSet
00004879   GPIOPinTypeGPIOOutput
000048d9   GPIOPinWrite
000023b1   HOSTclock
00002379   HOSTclose
0000233b   HOSTgetenv
000022df   HOSTlseek
0000228d   HOSTopen
00002241   HOSTread
000021e3   HOSTrename
000021a9   HOSTtime
00002171   HOSTunlink
00002125   HOSTwrite
000048cd   ResetISR
UNDEFED    SHT$$INIT_ARRAY$$Base
UNDEFED    SHT$$INIT_ARRAY$$Limit
000032f5   SysCtlClockSet
000048e3   SysCtlDelay
000044d1   SysCtlPeripheralEnable
0000489d   _Dclass
000046d9   _Dtest
200011ec   _Errno
200011f8   __CIOBUF_
20000800   __STACK_END
00000800   __STACK_SIZE
20000200   __STACK_TOP
00000800   __SYSMEM_SIZE
00004c08   __TI_CINIT_Base
00004c18   __TI_CINIT_Limit
00004bf0   __TI_Handler_Table_Base
00004bfc   __TI_Handler_Table_Limit
00000001   __TI_args_main
00003f55   __TI_auto_init
00003ce9   __TI_buff_read
00002ed9   __TI_cleanup
200011e4   __TI_cleanup_ptr
00003ebd   __TI_closefile
000048bf   __TI_decompress_none
000048e9   __TI_decompress_rle24
00003b7d   __TI_doflush
200011e8   __TI_dtors_ptr
200011c0   __TI_ft_end
00000def   __TI_printfi
00003c9f   __TI_rd_ok
000043e7   __TI_readmsg
00001575   __TI_scanfi
00000000   __TI_static_base__
20001318   __TI_tmpnams
000043b9   __TI_writemsg
00003c3d   __TI_wrt_ok
0000488b   __TI_zero_init
000040fd   __aeabi_cdcmpeq
000040fd   __aeabi_cdcmple
0000417b   __aeabi_cdrcmple
00004575   __aeabi_d2f
00004609   __aeabi_d2iz
00002fdb   __aeabi_dadd
00003431   __aeabi_ddiv
000038dd   __aeabi_dmul
00002fd1   __aeabi_dsub
0000477b   __aeabi_i2d
000047dd   __aeabi_lmul
000041f9   __aeabi_memclr
000041f9   __aeabi_memclr4
000041f9   __aeabi_memclr8
00003e21   __aeabi_memcpy
00003e21   __aeabi_memcpy4
00003e21   __aeabi_memcpy8
000041fb   __aeabi_memset
000041fb   __aeabi_memset4
000041fb   __aeabi_memset8
200011cc   __aeabi_stderr
200011c4   __aeabi_stdin
200011c8   __aeabi_stdout
00002869   __aeabi_uldivmod
ffffffff   __binit__
ffffffff   __c_args__
20000000   __stack
000047c5   _args_main
000045c1   _c_int00
000048f0   _ctypes_
20001000   _ftable
200011dc   _lock
0000485f   _nop
00004857   _register_lock
00004851   _register_unlock
20000800   _sys_memory
200011e0   _unlock
00004699   abort
00002077   add_device
00004529   atoi
ffffffff   binit
00001ddd   calloc
00002025   close
00004651   copy_in
000046a1   exit
00003f23   fclose
00003bc9   fflush
00003fe9   fgetc
00002f2f   fopen
00003d85   fputc
00003569   fputs
00001b37   free
00002f05   freopen
00002da1   fscanf
00004355   fseek
00000000   g_pfnVectors
00004065   getc
00004069   getchar
200013c0   i
00002001   lseek
00004477   ltoa
00004271   main
200011f4   main_func_sp
00001ad5   malloc
00001cfd   memalign
000047a9   memccpy
00004825   memchr
00003e21   memcpy
00004201   memset
00001a49   minit
00001f53   open
000042ed   printf
00003e09   putc
00003e0d   putchar
00003675   puts
00001f2f   read
00001bf7   realloc
00001ea5   remove
00001f07   remove_device
00001ec9   rename
00002d53   scanf
000039d9   setvbuf
0000483b   strchr
000047f5   strcmp
000048af   strcpy
00004865   strlen
0000471d   strncpy
0000480d   strrchr
000023f9   strtod
0000369d   strtol
00002635   strtold
00002a5d   strtoll
000037cd   strtoul
00003189   strtoull
0000407d   ungetc
00001ea5   unlink
00002d13   vfscanf
00002cd5   vscanf
00001e15   write


GLOBAL SYMBOLS: SORTED BY Symbol Address 

address    name
--------   ----
00000000   __TI_static_base__
00000000   g_pfnVectors
00000001   __TI_args_main
00000800   __STACK_SIZE
00000800   __SYSMEM_SIZE
00000def   __TI_printfi
00001575   __TI_scanfi
00001a49   minit
00001ad5   malloc
00001b37   free
00001bf7   realloc
00001cfd   memalign
00001ddd   calloc
00001e15   write
00001ea5   remove
00001ea5   unlink
00001ec9   rename
00001f07   remove_device
00001f2f   read
00001f53   open
00002001   lseek
00002025   close
00002077   add_device
00002125   HOSTwrite
00002171   HOSTunlink
000021a9   HOSTtime
000021e3   HOSTrename
00002241   HOSTread
0000228d   HOSTopen
000022df   HOSTlseek
0000233b   HOSTgetenv
00002379   HOSTclose
000023b1   HOSTclock
000023f9   strtod
00002635   strtold
00002869   __aeabi_uldivmod
00002a5d   strtoll
00002cd5   vscanf
00002d13   vfscanf
00002d53   scanf
00002da1   fscanf
00002ed9   __TI_cleanup
00002f05   freopen
00002f2f   fopen
00002fd1   __aeabi_dsub
00002fdb   __aeabi_dadd
00003189   strtoull
000032f5   SysCtlClockSet
00003431   __aeabi_ddiv
00003569   fputs
00003675   puts
0000369d   strtol
000037cd   strtoul
000038dd   __aeabi_dmul
000039d9   setvbuf
00003ab5   GPIOPadConfigSet
00003b7d   __TI_doflush
00003bc9   fflush
00003c3d   __TI_wrt_ok
00003c9f   __TI_rd_ok
00003ce9   __TI_buff_read
00003d85   fputc
00003e09   putc
00003e0d   putchar
00003e21   __aeabi_memcpy
00003e21   __aeabi_memcpy4
00003e21   __aeabi_memcpy8
00003e21   memcpy
00003ebd   __TI_closefile
00003f23   fclose
00003f55   __TI_auto_init
00003fe9   fgetc
00004065   getc
00004069   getchar
0000407d   ungetc
000040fd   __aeabi_cdcmpeq
000040fd   __aeabi_cdcmple
0000417b   __aeabi_cdrcmple
000041f9   __aeabi_memclr
000041f9   __aeabi_memclr4
000041f9   __aeabi_memclr8
000041fb   __aeabi_memset
000041fb   __aeabi_memset4
000041fb   __aeabi_memset8
00004201   memset
00004271   main
000042ed   printf
00004355   fseek
000043b9   __TI_writemsg
000043e3   C$$IO$$
000043e7   __TI_readmsg
00004477   ltoa
000044d1   SysCtlPeripheralEnable
00004529   atoi
00004575   __aeabi_d2f
000045c1   _c_int00
00004609   __aeabi_d2iz
00004651   copy_in
00004695   C$$EXIT
00004699   abort
000046a1   exit
000046d9   _Dtest
0000471d   strncpy
0000474d   GPIODirModeSet
0000477b   __aeabi_i2d
000047a9   memccpy
000047c5   _args_main
000047dd   __aeabi_lmul
000047f5   strcmp
0000480d   strrchr
00004825   memchr
0000483b   strchr
00004851   _register_unlock
00004857   _register_lock
0000485f   _nop
00004865   strlen
00004879   GPIOPinTypeGPIOOutput
0000488b   __TI_zero_init
0000489d   _Dclass
000048af   strcpy
000048bf   __TI_decompress_none
000048cd   ResetISR
000048d9   GPIOPinWrite
000048e3   SysCtlDelay
000048e9   __TI_decompress_rle24
000048f0   _ctypes_
00004bf0   __TI_Handler_Table_Base
00004bfc   __TI_Handler_Table_Limit
00004c08   __TI_CINIT_Base
00004c18   __TI_CINIT_Limit
20000000   __stack
20000200   __STACK_TOP
20000800   __STACK_END
20000800   _sys_memory
20001000   _ftable
200011c0   __TI_ft_end
200011c4   __aeabi_stdin
200011c8   __aeabi_stdout
200011cc   __aeabi_stderr
200011dc   _lock
200011e0   _unlock
200011e4   __TI_cleanup_ptr
200011e8   __TI_dtors_ptr
200011ec   _Errno
200011f4   main_func_sp
200011f8   __CIOBUF_
20001318   __TI_tmpnams
200013c0   i
ffffffff   __binit__
ffffffff   __c_args__
ffffffff   binit
UNDEFED    SHT$$INIT_ARRAY$$Base
UNDEFED    SHT$$INIT_ARRAY$$Limit

[153 symbols]
